2026-08-22 20:37:33 INFO  LogTest - This is an INFO message
2026-08-22 20:37:33 WARN  LogTest - This is a WARNING message
2026-08-22 20:37:33 ERROR LogTest - This is an ERROR message
2026-08-22 20:37:45 INFO  LogTest - This is an INFO message
2026-08-22 20:37:45 WARN  LogTest - This is a WARNING message
2026-08-22 20:37:45 ERROR LogTest - This is an ERROR message
2026-08-22 20:45:27 INFO  BaseClass - ===== Test Setup Started =====
2026-08-22 20:45:27 INFO  BaseClass - Creating WebDriver
2026-08-22 20:45:27 INFO  DriverFactory - Requested browser: chrome
2026-08-22 20:45:27 INFO  DriverFactory - Launching Chrome
2026-08-22 20:45:29 INFO  BaseClass - WebDriver created successfully
2026-08-22 20:45:29 INFO  BaseClass - Browser maximized
2026-08-22 20:45:29 INFO  BaseClass - Cookies deleted
2026-08-22 20:45:29 INFO  BaseClass - Navigating to URL: https://opensource-demo.orangehrmlive.com/web/index.php/auth/login
2026-08-22 20:45:30 INFO  BaseClass - URL loaded successfully
2026-08-22 20:45:30 INFO  BaseClass - ===== Test Setup Completed =====
2026-08-22 20:45:30 INFO  LoginPage - Entering Username
2026-08-22 20:45:34 INFO  LoginPage - Username Entered
2026-08-22 20:45:34 INFO  LoginPage - Entering Password
2026-08-22 20:45:34 INFO  LoginPage - Username Password
2026-08-22 20:45:34 INFO  LoginPage - Clicking Login button
2026-08-22 20:45:34 INFO  LoginPage - Login button clicked
2026-08-22 20:45:34 INFO  LoginPage - Clicking PIM Link
2026-08-22 20:45:37 INFO  LoginPage - Clicked PIM Link
2026-08-22 20:45:37 INFO  LoginPage - Clicking Add button
2026-08-22 20:45:38 INFO  LoginPage - Add button clicked
2026-08-22 20:45:38 INFO  LoginPage - Entering Firstname
2026-08-22 20:45:38 INFO  LoginPage - Firstname Entered
2026-08-22 20:45:38 INFO  LoginPage - Entering Middlename
2026-08-22 20:45:38 INFO  LoginPage - Middlename Entered
2026-08-22 20:45:38 INFO  LoginPage - Entering Lastname
2026-08-22 20:45:38 INFO  LoginPage - Lastname Entered
2026-08-22 20:45:38 INFO  LoginPage - Clicking Save button
2026-08-22 20:45:38 INFO  LoginPage - Save button clicked
2026-08-22 20:48:26 INFO  BaseClass - ===== Test Setup Started =====
2026-08-22 20:48:26 INFO  BaseClass - Creating WebDriver
2026-08-22 20:48:26 INFO  DriverFactory - Requested browser: chrome
2026-08-22 20:48:26 INFO  DriverFactory - Launching Chrome
2026-08-22 20:48:28 INFO  BaseClass - WebDriver created successfully
2026-08-22 20:48:28 INFO  BaseClass - Browser maximized
2026-08-22 20:48:28 INFO  BaseClass - Cookies deleted
2026-08-22 20:48:28 INFO  BaseClass - Navigating to URL: https://opensource-demo.orangehrmlive.com/web/index.php/auth/login
2026-08-22 20:48:31 INFO  BaseClass - URL loaded successfully
2026-08-22 20:48:31 INFO  BaseClass - ===== Test Setup Completed =====
2026-08-22 20:48:31 INFO  LoginPage - Entering Username
2026-08-22 20:48:32 INFO  LoginPage - Username Entered
2026-08-22 20:48:32 INFO  LoginPage - Entering Password
2026-08-22 20:48:32 INFO  LoginPage - Username Password
2026-08-22 20:48:32 INFO  LoginPage - Clicking Login button
2026-08-22 20:48:33 INFO  LoginPage - Login button clicked
2026-08-22 20:48:33 INFO  LoginPage - Clicking PIM Link
2026-08-22 20:48:35 INFO  LoginPage - Clicked PIM Link
2026-08-22 20:48:35 INFO  LoginPage - Clicking Add button
2026-08-22 20:48:36 INFO  LoginPage - Add button clicked
2026-08-22 20:48:36 INFO  LoginPage - Entering Firstname
2026-08-22 20:48:37 INFO  LoginPage - Firstname Entered
2026-08-22 20:48:37 INFO  LoginPage - Entering Middlename
2026-08-22 20:48:37 INFO  LoginPage - Middlename Entered
2026-08-22 20:48:37 INFO  LoginPage - Entering Lastname
2026-08-22 20:48:37 INFO  LoginPage - Lastname Entered
2026-08-22 20:48:37 INFO  LoginPage - Clicking Save button
2026-08-22 20:48:37 INFO  LoginPage - Save button clicked
2026-08-22 20:49:37 INFO  BaseClass - ===== Test Setup Started =====
2026-08-22 20:49:37 INFO  BaseClass - Creating WebDriver
2026-08-22 20:49:37 INFO  DriverFactory - Requested browser: chrome
2026-08-22 20:49:37 INFO  DriverFactory - Launching Chrome
2026-08-22 20:49:39 INFO  BaseClass - WebDriver created successfully
2026-08-22 20:49:39 INFO  BaseClass - Browser maximized
2026-08-22 20:49:39 INFO  BaseClass - Cookies deleted
2026-08-22 20:49:39 INFO  BaseClass - Navigating to URL: https://opensource-demo.orangehrmlive.com/web/index.php/auth/login
2026-08-22 20:49:40 INFO  BaseClass - URL loaded successfully
2026-08-22 20:49:40 INFO  BaseClass - ===== Test Setup Completed =====
2026-08-22 20:49:40 INFO  LoginPage - Entering Username
2026-08-22 20:49:42 INFO  LoginPage - Username Entered
2026-08-22 20:49:42 INFO  LoginPage - Entering Password
2026-08-22 20:49:42 INFO  LoginPage - Username Password
2026-08-22 20:49:42 INFO  LoginPage - Clicking Login button
2026-08-22 20:49:43 INFO  LoginPage - Login button clicked
2026-08-22 20:49:43 INFO  LoginPage - Clicking PIM Link
2026-08-22 20:49:45 INFO  LoginPage - Clicked PIM Link
2026-08-22 20:49:45 INFO  LoginPage - Clicking Add button
2026-08-22 20:49:47 INFO  LoginPage - Add button clicked
2026-08-22 20:49:47 INFO  LoginPage - Entering Firstname
2026-08-22 20:49:47 INFO  LoginPage - Firstname Entered
2026-08-22 20:49:47 INFO  LoginPage - Entering Middlename
2026-08-22 20:49:47 INFO  LoginPage - Middlename Entered
2026-08-22 20:49:47 INFO  LoginPage - Entering Lastname
2026-08-22 20:49:48 INFO  LoginPage - Lastname Entered
2026-08-22 20:49:48 INFO  LoginPage - Clicking Save button
2026-08-22 20:49:48 INFO  LoginPage - Save button clicked
2026-08-22 20:51:01 INFO  BaseClass - ===== Test Setup Started =====
2026-08-22 20:51:01 INFO  BaseClass - Creating WebDriver
2026-08-22 20:51:01 INFO  DriverFactory - Requested browser: chrome
2026-08-22 20:51:01 INFO  DriverFactory - Launching Chrome
2026-08-22 20:51:03 INFO  BaseClass - WebDriver created successfully
2026-08-22 20:51:03 INFO  BaseClass - Browser maximized
2026-08-22 20:51:04 INFO  BaseClass - Cookies deleted
2026-08-22 20:51:04 INFO  BaseClass - Navigating to URL: https://opensource-demo.orangehrmlive.com/web/index.php/auth/login
2026-08-22 20:51:07 INFO  BaseClass - URL loaded successfully
2026-08-22 20:51:07 INFO  BaseClass - ===== Test Setup Completed =====
2026-08-22 20:51:07 INFO  LoginPage - Entering Username
2026-08-22 20:51:08 INFO  LoginPage - Username Entered
2026-08-22 20:51:08 INFO  LoginPage - Entering Password
2026-08-22 20:51:08 INFO  LoginPage - Username Password
2026-08-22 20:51:08 INFO  LoginPage - Clicking Login button
2026-08-22 20:51:09 INFO  LoginPage - Login button clicked
2026-08-22 20:51:09 INFO  LoginPage - Clicking PIM Link
2026-08-22 20:51:12 INFO  LoginPage - Clicked PIM Link
2026-08-22 20:51:12 INFO  LoginPage - Clicking Add button
2026-08-22 20:51:13 INFO  LoginPage - Add button clicked
2026-08-22 20:51:13 INFO  LoginPage - Entering Firstname
2026-08-22 20:51:14 INFO  LoginPage - Firstname Entered
2026-08-22 20:51:14 INFO  LoginPage - Entering Middlename
2026-08-22 20:51:14 INFO  LoginPage - Middlename Entered
2026-08-22 20:51:14 INFO  LoginPage - Entering Lastname
2026-08-22 20:51:14 INFO  LoginPage - Lastname Entered
2026-08-22 20:51:14 INFO  LoginPage - Clicking Save button
2026-08-22 20:51:14 INFO  LoginPage - Save button clicked
2026-08-22 20:51:45 INFO  BaseClass - ===== Test Setup Started =====
2026-08-22 20:51:45 INFO  BaseClass - Creating WebDriver
2026-08-22 20:51:45 INFO  DriverFactory - Requested browser: chrome
2026-08-22 20:51:45 INFO  DriverFactory - Launching Chrome
2026-08-22 20:51:47 INFO  BaseClass - WebDriver created successfully
2026-08-22 20:51:47 INFO  BaseClass - Browser maximized
2026-08-22 20:51:47 INFO  BaseClass - Cookies deleted
2026-08-22 20:51:47 INFO  BaseClass - Navigating to URL: https://opensource-demo.orangehrmlive.com/web/index.php/auth/login
2026-08-22 20:51:48 INFO  BaseClass - URL loaded successfully
2026-08-22 20:51:48 INFO  BaseClass - ===== Test Setup Completed =====
2026-08-22 20:51:48 INFO  LoginPage - Entering Username
2026-08-22 20:51:51 INFO  LoginPage - Username Entered
2026-08-22 20:51:51 INFO  LoginPage - Entering Password
2026-08-22 20:51:51 INFO  LoginPage - Username Password
2026-08-22 20:51:51 INFO  LoginPage - Clicking Login button
2026-08-22 20:51:51 INFO  LoginPage - Login button clicked
2026-08-22 20:51:51 INFO  LoginPage - Clicking PIM Link
2026-08-22 20:51:54 INFO  LoginPage - Clicked PIM Link
2026-08-22 20:51:54 INFO  LoginPage - Clicking Add button
2026-08-22 20:51:55 INFO  LoginPage - Add button clicked
2026-08-22 20:51:55 INFO  LoginPage - Entering Firstname
2026-08-22 20:51:55 INFO  LoginPage - Firstname Entered
2026-08-22 20:51:55 INFO  LoginPage - Entering Middlename
2026-08-22 20:51:55 INFO  LoginPage - Middlename Entered
2026-08-22 20:51:55 INFO  LoginPage - Entering Lastname
2026-08-22 20:51:55 INFO  LoginPage - Lastname Entered
2026-08-22 20:51:55 INFO  LoginPage - Clicking Save button
2026-08-22 20:51:55 INFO  LoginPage - Save button clicked
2026-09-05 17:17:45 INFO  BaseClass - ===== Test Setup Started =====
2026-09-05 17:17:45 INFO  BaseClass - Creating WebDriver
2026-09-05 17:17:45 INFO  DriverFactory - Requested browser: chrome
2026-09-05 17:17:45 INFO  DriverFactory - Launching Chrome
2026-09-05 17:17:56 INFO  BaseClass - WebDriver created successfully
2026-09-05 17:17:56 INFO  BaseClass - Browser maximized
2026-09-05 17:17:56 INFO  BaseClass - Cookies deleted
2026-09-05 17:17:56 INFO  BaseClass - Navigating to URL: https://opensource-demo.orangehrmlive.com/web/index.php/auth/login
2026-09-05 17:17:59 INFO  BaseClass - URL loaded successfully
2026-09-05 17:17:59 INFO  BaseClass - ===== Test Setup Completed =====
2026-09-05 17:17:59 INFO  LoginPage - Entering Username
2026-09-05 17:17:59 INFO  LoginPage - Username Entered
2026-09-05 17:17:59 INFO  LoginPage - Entering Password
2026-09-05 17:17:59 INFO  LoginPage - Username Password
2026-09-05 17:17:59 INFO  LoginPage - Clicking Login button
2026-09-05 17:17:59 INFO  LoginPage - Login button clicked
2026-09-05 17:17:59 INFO  LoginPage - Clicking PIM Link
2026-09-05 17:18:02 INFO  LoginPage - Clicked PIM Link
2026-09-05 17:18:02 INFO  LoginPage - Clicking Add button
2026-09-05 17:18:03 INFO  LoginPage - Add button clicked
2026-09-05 17:18:03 INFO  LoginPage - Entering Firstname
2026-09-05 17:18:03 INFO  LoginPage - Firstname Entered
2026-09-05 17:18:03 INFO  LoginPage - Entering Middlename
2026-09-05 17:18:03 INFO  LoginPage - Middlename Entered
2026-09-05 17:18:03 INFO  LoginPage - Entering Lastname
2026-09-05 17:18:04 INFO  LoginPage - Lastname Entered
2026-09-05 17:18:04 INFO  LoginPage - Clicking Save button
2026-09-05 17:18:04 INFO  LoginPage - Save button clicked
2026-09-05 17:18:35 INFO  BaseClass - ===== Test Setup Started =====
2026-09-05 17:18:35 INFO  BaseClass - Creating WebDriver
2026-09-05 17:18:35 INFO  DriverFactory - Requested browser: chrome
2026-09-05 17:18:35 INFO  DriverFactory - Launching Chrome
2026-09-05 17:18:36 INFO  BaseClass - WebDriver created successfully
2026-09-05 17:18:36 INFO  BaseClass - Browser maximized
2026-09-05 17:18:36 INFO  BaseClass - Cookies deleted
2026-09-05 17:18:36 INFO  BaseClass - Navigating to URL: https://opensource-demo.orangehrmlive.com/web/index.php/auth/login
2026-09-05 17:18:40 INFO  BaseClass - URL loaded successfully
2026-09-05 17:18:40 INFO  BaseClass - ===== Test Setup Completed =====
2026-09-05 17:18:40 INFO  LoginPage - Entering Username
2026-09-05 17:18:40 INFO  LoginPage - Username Entered
2026-09-05 17:18:40 INFO  LoginPage - Entering Password
2026-09-05 17:18:40 INFO  LoginPage - Username Password
2026-09-05 17:18:40 INFO  LoginPage - Clicking Login button
2026-09-05 17:18:40 INFO  LoginPage - Login button clicked
2026-09-05 17:18:40 INFO  LoginPage - Clicking PIM Link
2026-09-05 17:18:43 INFO  LoginPage - Clicked PIM Link
2026-09-05 17:18:43 INFO  LoginPage - Clicking Add button
2026-09-05 17:18:45 INFO  LoginPage - Add button clicked
2026-09-05 17:18:45 INFO  LoginPage - Entering Firstname
2026-09-05 17:18:46 INFO  LoginPage - Firstname Entered
2026-09-05 17:18:46 INFO  LoginPage - Entering Middlename
2026-09-05 17:18:46 INFO  LoginPage - Middlename Entered
2026-09-05 17:18:46 INFO  LoginPage - Entering Lastname
2026-09-05 17:18:46 INFO  LoginPage - Lastname Entered
2026-09-05 17:18:46 INFO  LoginPage - Clicking Save button
2026-09-05 17:18:46 INFO  LoginPage - Save button clicked
2026-09-05 17:20:37 INFO  BaseClass - ===== Test Setup Started =====
2026-09-05 17:20:37 INFO  BaseClass - Creating WebDriver
2026-09-05 17:20:37 INFO  DriverFactory - Requested browser: chrome
2026-09-05 17:20:37 INFO  DriverFactory - Launching Chrome
2026-09-05 17:20:39 INFO  BaseClass - WebDriver created successfully
2026-09-05 17:20:39 INFO  BaseClass - Browser maximized
2026-09-05 17:20:39 INFO  BaseClass - Cookies deleted
2026-09-05 17:20:39 INFO  BaseClass - Navigating to URL: https://opensource-demo.orangehrmlive.com/web/index.php/auth/login
2026-09-05 17:20:42 INFO  BaseClass - URL loaded successfully
2026-09-05 17:20:42 INFO  BaseClass - ===== Test Setup Completed =====
2026-09-05 17:20:42 INFO  LoginPage - Entering Username
2026-09-05 17:20:42 INFO  LoginPage - Username Entered
2026-09-05 17:20:42 INFO  LoginPage - Entering Password
2026-09-05 17:20:42 INFO  LoginPage - Username Password
2026-09-05 17:20:42 INFO  LoginPage - Clicking Login button
2026-09-05 17:20:42 INFO  LoginPage - Login button clicked
2026-09-05 17:20:42 INFO  LoginPage - Clicking PIM Link
2026-09-05 17:20:45 INFO  LoginPage - Clicked PIM Link
2026-09-05 17:20:45 INFO  LoginPage - Clicking Add button
2026-09-05 17:20:46 INFO  LoginPage - Add button clicked
2026-09-05 17:20:46 INFO  LoginPage - Entering Firstname
2026-09-05 17:20:46 INFO  LoginPage - Firstname Entered
2026-09-05 17:20:46 INFO  LoginPage - Entering Middlename
2026-09-05 17:20:47 INFO  LoginPage - Middlename Entered
2026-09-05 17:20:47 INFO  LoginPage - Entering Lastname
2026-09-05 17:20:47 INFO  LoginPage - Lastname Entered
2026-09-05 17:20:47 INFO  LoginPage - Clicking Save button
2026-09-05 17:20:47 INFO  LoginPage - Save button clicked
2026-09-05 17:36:07 INFO  BaseClass - ===== Test Setup Started =====
2026-09-05 17:36:07 INFO  BaseClass - Creating WebDriver
2026-09-05 17:36:07 INFO  DriverFactory - Requested browser: chrome
2026-09-05 17:36:07 INFO  DriverFactory - Launching Chrome
2026-09-05 17:36:08 INFO  BaseClass - WebDriver created successfully
2026-09-05 17:36:08 INFO  BaseClass - Browser maximized
2026-09-05 17:36:08 INFO  BaseClass - Cookies deleted
2026-09-05 17:36:08 INFO  BaseClass - Navigating to URL: https://opensource-demo.orangehrmlive.com/web/index.php/auth/login
2026-09-05 17:36:15 INFO  BaseClass - URL loaded successfully
2026-09-05 17:36:15 INFO  BaseClass - ===== Test Setup Completed =====
2026-09-05 17:36:15 INFO  LoginPage - Entering Username
2026-09-05 17:36:15 INFO  LoginPage - Username Entered
2026-09-05 17:36:15 INFO  LoginPage - Entering Password
2026-09-05 17:36:15 INFO  LoginPage - Username Password
2026-09-05 17:36:15 INFO  LoginPage - Clicking Login button
2026-09-05 17:36:16 INFO  LoginPage - Login button clicked
2026-09-05 17:36:16 INFO  LoginPage - Clicking PIM Link
2026-09-05 17:36:17 INFO  LoginPage - Clicked PIM Link
2026-09-05 17:36:17 INFO  LoginPage - Clicking Add button
2026-09-05 17:36:18 INFO  LoginPage - Add button clicked
2026-09-05 17:36:18 INFO  LoginPage - Entering Firstname
2026-09-05 17:36:19 INFO  LoginPage - Firstname Entered
2026-09-05 17:36:19 INFO  LoginPage - Entering Middlename
2026-09-05 17:36:19 INFO  LoginPage - Middlename Entered
2026-09-05 17:36:19 INFO  LoginPage - Entering Lastname
2026-09-05 17:36:19 INFO  LoginPage - Lastname Entered
2026-09-05 17:36:19 INFO  LoginPage - Clicking Save button
2026-09-05 17:36:19 INFO  LoginPage - Save button clicked
2026-09-05 17:37:50 INFO  BaseClass - ===== Test Setup Started =====
2026-09-05 17:37:50 INFO  BaseClass - Creating WebDriver
2026-09-05 17:37:50 INFO  DriverFactory - Requested browser: chrome
2026-09-05 17:37:50 INFO  DriverFactory - Launching Chrome
2026-09-05 17:37:52 INFO  BaseClass - WebDriver created successfully
2026-09-05 17:37:52 INFO  BaseClass - Browser maximized
2026-09-05 17:37:52 INFO  BaseClass - Cookies deleted
2026-09-05 17:37:52 INFO  BaseClass - Navigating to URL: https://opensource-demo.orangehrmlive.com/web/index.php/auth/login
2026-09-05 17:37:54 INFO  BaseClass - URL loaded successfully
2026-09-05 17:37:54 INFO  BaseClass - ===== Test Setup Completed =====
2026-09-05 17:37:54 INFO  LoginPage - Entering Username
2026-09-05 17:37:55 INFO  LoginPage - Username Entered
2026-09-05 17:37:55 INFO  LoginPage - Entering Password
2026-09-05 17:37:55 INFO  LoginPage - Username Password
2026-09-05 17:37:55 INFO  LoginPage - Clicking Login button
2026-09-05 17:37:55 INFO  LoginPage - Login button clicked
2026-09-05 17:37:55 INFO  LoginPage - Clicking PIM Link
2026-09-05 17:37:57 INFO  LoginPage - Clicked PIM Link
2026-09-05 17:37:57 INFO  LoginPage - Clicking Add button
2026-09-05 17:37:59 INFO  LoginPage - Add button clicked
2026-09-05 17:37:59 INFO  LoginPage - Entering Firstname
2026-09-05 17:37:59 INFO  LoginPage - Firstname Entered
2026-09-05 17:37:59 INFO  LoginPage - Entering Middlename
2026-09-05 17:37:59 INFO  LoginPage - Middlename Entered
2026-09-05 17:37:59 INFO  LoginPage - Entering Lastname
2026-09-05 17:37:59 INFO  LoginPage - Lastname Entered
2026-09-05 17:37:59 INFO  LoginPage - Clicking Save button
2026-09-05 17:37:59 INFO  LoginPage - Save button clicked
2026-09-05 17:40:59 INFO  BaseClass - ===== Test Setup Started =====
2026-09-05 17:40:59 INFO  BaseClass - Creating WebDriver
2026-09-05 17:40:59 INFO  DriverFactory - Requested browser: chrome
2026-09-05 17:40:59 INFO  DriverFactory - Launching Chrome
2026-09-05 17:41:00 INFO  BaseClass - WebDriver created successfully
2026-09-05 17:41:00 INFO  BaseClass - Browser maximized
2026-09-05 17:41:00 INFO  BaseClass - Cookies deleted
2026-09-05 17:41:00 INFO  BaseClass - Navigating to URL: https://opensource-demo.orangehrmlive.com/web/index.php/auth/login
2026-09-05 17:41:03 INFO  BaseClass - URL loaded successfully
2026-09-05 17:41:03 INFO  BaseClass - ===== Test Setup Completed =====
2026-09-05 17:41:03 INFO  LoginPage - Entering Username
2026-09-05 17:41:03 INFO  LoginPage - Username Entered
2026-09-05 17:41:03 INFO  LoginPage - Entering Password
2026-09-05 17:41:03 INFO  LoginPage - Username Password
2026-09-05 17:41:03 INFO  LoginPage - Clicking Login button
2026-09-05 17:41:05 INFO  LoginPage - Login button clicked
2026-09-05 17:41:05 INFO  LoginPage - Clicking PIM Link
2026-09-05 17:41:06 INFO  LoginPage - Clicked PIM Link
2026-09-05 17:41:06 INFO  LoginPage - Clicking Add button
2026-09-05 17:41:07 INFO  LoginPage - Add button clicked
2026-09-05 17:41:07 INFO  LoginPage - Entering Firstname
2026-09-05 17:41:08 INFO  LoginPage - Firstname Entered
2026-09-05 17:41:08 INFO  LoginPage - Entering Middlename
2026-09-05 17:41:08 INFO  LoginPage - Middlename Entered
2026-09-05 17:41:08 INFO  LoginPage - Entering Lastname
2026-09-05 17:41:08 INFO  LoginPage - Lastname Entered
2026-09-05 17:41:08 INFO  LoginPage - Clicking Save button
2026-09-05 17:41:08 INFO  LoginPage - Save button clicked
2026-09-05 17:42:04 INFO  BaseClass - ===== Test Setup Started =====
2026-09-05 17:42:04 INFO  BaseClass - Creating WebDriver
2026-09-05 17:42:04 INFO  DriverFactory - Requested browser: chrome
2026-09-05 17:42:04 INFO  DriverFactory - Launching Chrome
2026-09-05 17:42:06 INFO  BaseClass - WebDriver created successfully
2026-09-05 17:42:06 INFO  BaseClass - Browser maximized
2026-09-05 17:42:06 INFO  BaseClass - Cookies deleted
2026-09-05 17:42:06 INFO  BaseClass - Navigating to URL: https://opensource-demo.orangehrmlive.com/web/index.php/auth/login
2026-09-05 17:42:07 INFO  BaseClass - URL loaded successfully
2026-09-05 17:42:07 INFO  BaseClass - ===== Test Setup Completed =====
2026-09-05 17:42:07 INFO  LoginPage - Entering Username
2026-09-05 17:42:10 INFO  LoginPage - Username Entered
2026-09-05 17:42:10 INFO  LoginPage - Entering Password
2026-09-05 17:42:10 INFO  LoginPage - Username Password
2026-09-05 17:42:10 INFO  LoginPage - Clicking Login button
2026-09-05 17:42:11 INFO  LoginPage - Login button clicked
2026-09-05 17:42:11 INFO  LoginPage - Clicking PIM Link
2026-09-05 17:42:14 INFO  LoginPage - Clicked PIM Link
2026-09-05 17:42:14 INFO  LoginPage - Clicking Add button
2026-09-05 17:42:15 INFO  LoginPage - Add button clicked
2026-09-05 17:42:15 INFO  LoginPage - Entering Firstname
2026-09-05 17:42:15 INFO  LoginPage - Firstname Entered
2026-09-05 17:42:15 INFO  LoginPage - Entering Middlename
2026-09-05 17:42:15 INFO  LoginPage - Middlename Entered
2026-09-05 17:42:15 INFO  LoginPage - Entering Lastname
2026-09-05 17:42:15 INFO  LoginPage - Lastname Entered
2026-09-05 17:42:15 INFO  LoginPage - Clicking Save button
2026-09-05 17:42:15 INFO  LoginPage - Save button clicked
2026-09-05 17:57:55 INFO  BaseClass - ===== Test Setup Started =====
2026-09-05 17:57:55 INFO  BaseClass - Creating WebDriver
2026-09-05 17:57:55 INFO  DriverFactory - Requested browser: chrome
2026-09-05 17:57:55 INFO  DriverFactory - Launching Chrome
2026-09-05 17:57:57 INFO  BaseClass - WebDriver created successfully
2026-09-05 17:57:57 INFO  BaseClass - Browser maximized
2026-09-05 17:57:57 INFO  BaseClass - Cookies deleted
2026-09-05 17:57:57 INFO  BaseClass - Navigating to URL: https://opensource-demo.orangehrmlive.com/web/index.php/auth/login
2026-09-05 17:58:00 INFO  BaseClass - URL loaded successfully
2026-09-05 17:58:00 INFO  BaseClass - ===== Test Setup Completed =====
2026-09-05 17:58:00 INFO  LoginPage - Entering Username
2026-09-05 17:58:01 INFO  LoginPage - Username Entered
2026-09-05 17:58:01 INFO  LoginPage - Entering Password
2026-09-05 17:58:01 INFO  LoginPage - Username Password
2026-09-05 17:58:01 INFO  LoginPage - Clicking Login button
2026-09-05 17:58:01 INFO  LoginPage - Login button clicked
2026-09-05 17:58:01 INFO  LoginPage - Clicking PIM Link
2026-09-05 17:58:04 INFO  LoginPage - Clicked PIM Link
2026-09-05 17:58:04 INFO  LoginPage - Clicking Add button
2026-09-05 17:58:05 INFO  LoginPage - Add button clicked
2026-09-05 17:58:05 INFO  LoginPage - Entering Firstname
2026-09-05 17:58:05 INFO  LoginPage - Firstname Entered
2026-09-05 17:58:05 INFO  LoginPage - Entering Middlename
2026-09-05 17:58:05 INFO  LoginPage - Middlename Entered
2026-09-05 17:58:05 INFO  LoginPage - Entering Lastname
2026-09-05 17:58:05 INFO  LoginPage - Lastname Entered
2026-09-05 17:58:05 INFO  LoginPage - Clicking Save button
2026-09-05 17:58:05 INFO  LoginPage - Save button clicked
2026-09-05 17:58:27 INFO  BaseClass - ===== Test Setup Started =====
2026-09-05 17:58:27 INFO  BaseClass - Creating WebDriver
2026-09-05 17:58:27 INFO  DriverFactory - Requested browser: chrome
2026-09-05 17:58:27 INFO  DriverFactory - Launching Chrome
2026-09-05 17:58:28 INFO  BaseClass - WebDriver created successfully
2026-09-05 17:58:28 INFO  BaseClass - Browser maximized
2026-09-05 17:58:28 INFO  BaseClass - Cookies deleted
2026-09-05 17:58:28 INFO  BaseClass - Navigating to URL: https://opensource-demo.orangehrmlive.com/web/index.php/auth/login
2026-09-05 17:58:31 INFO  BaseClass - URL loaded successfully
2026-09-05 17:58:31 INFO  BaseClass - ===== Test Setup Completed =====
2026-09-05 17:58:31 INFO  LoginPage - Entering Username
2026-09-05 17:58:32 INFO  LoginPage - Username Entered
2026-09-05 17:58:32 INFO  LoginPage - Entering Password
2026-09-05 17:58:32 INFO  LoginPage - Username Password
2026-09-05 17:58:32 INFO  LoginPage - Clicking Login button
2026-09-05 17:58:32 INFO  LoginPage - Login button clicked
2026-09-05 17:58:32 INFO  LoginPage - Clicking PIM Link
2026-09-05 17:58:34 INFO  LoginPage - Clicked PIM Link
2026-09-05 17:58:34 INFO  LoginPage - Clicking Add button
2026-09-05 17:58:35 INFO  LoginPage - Add button clicked
2026-09-05 17:58:35 INFO  LoginPage - Entering Firstname
2026-09-05 17:58:36 INFO  LoginPage - Firstname Entered
2026-09-05 17:58:36 INFO  LoginPage - Entering Middlename
2026-09-05 17:58:36 INFO  LoginPage - Middlename Entered
2026-09-05 17:58:36 INFO  LoginPage - Entering Lastname
2026-09-05 17:58:36 INFO  LoginPage - Lastname Entered
2026-09-05 17:58:36 INFO  LoginPage - Clicking Save button
2026-09-05 17:58:36 INFO  LoginPage - Save button clicked
2026-09-05 18:06:47 INFO  BaseClass - ===== Test Setup Started =====
2026-09-05 18:06:47 INFO  BaseClass - Creating WebDriver
2026-09-05 18:06:47 INFO  DriverFactory - Requested browser: chrome
2026-09-05 18:06:47 INFO  DriverFactory - Launching Chrome
2026-09-05 18:06:48 INFO  BaseClass - WebDriver created successfully
2026-09-05 18:06:48 INFO  BaseClass - Browser maximized
2026-09-05 18:06:48 INFO  BaseClass - Cookies deleted
2026-09-05 18:06:48 INFO  BaseClass - Navigating to URL: https://opensource-demo.orangehrmlive.com/web/index.php/auth/login
2026-09-05 18:06:49 INFO  BaseClass - URL loaded successfully
2026-09-05 18:06:49 INFO  BaseClass - ===== Test Setup Completed =====
2026-09-05 18:06:49 INFO  LoginPage - Entering Username
2026-09-05 18:06:52 INFO  LoginPage - Username Entered
2026-09-05 18:06:52 INFO  LoginPage - Entering Password
2026-09-05 18:06:52 INFO  LoginPage - Username Password
2026-09-05 18:06:52 INFO  LoginPage - Clicking Login button
2026-09-05 18:06:52 INFO  LoginPage - Login button clicked
2026-09-05 18:06:52 INFO  LoginPage - Clicking PIM Link
2026-09-05 18:06:54 INFO  LoginPage - Clicked PIM Link
2026-09-05 18:06:54 INFO  LoginPage - Clicking Add button
2026-09-05 18:06:55 INFO  LoginPage - Add button clicked
2026-09-05 18:06:55 INFO  LoginPage - Entering Firstname
2026-09-05 18:06:55 INFO  LoginPage - Firstname Entered
2026-09-05 18:06:55 INFO  LoginPage - Entering Middlename
2026-09-05 18:06:56 INFO  LoginPage - Middlename Entered
2026-09-05 18:06:56 INFO  LoginPage - Entering Lastname
2026-09-05 18:06:56 INFO  LoginPage - Lastname Entered
2026-09-05 18:06:56 INFO  LoginPage - Clicking Save button
2026-09-05 18:06:56 INFO  LoginPage - Save button clicked
