2026-08-22 20:37:33 INFO  LogTest - This is an INFO message
2026-08-22 20:37:33 WARN  LogTest - This is a WARNING message
2026-08-22 20:37:33 ERROR LogTest - This is an ERROR message
2026-08-22 20:37:45 INFO  LogTest - This is an INFO message
2026-08-22 20:37:45 WARN  LogTest - This is a WARNING message
2026-08-22 20:37:45 ERROR LogTest - This is an ERROR message
2026-08-22 20:45:27 INFO  BaseClass - ===== Test Setup Started =====
2026-08-22 20:45:27 INFO  BaseClass - Creating WebDriver
2026-08-22 20:45:27 INFO  DriverFactory - Requested browser: chrome
2026-08-22 20:45:27 INFO  DriverFactory - Launching Chrome
2026-08-22 20:45:29 INFO  BaseClass - WebDriver created successfully
2026-08-22 20:45:29 INFO  BaseClass - Browser maximized
2026-08-22 20:45:29 INFO  BaseClass - Cookies deleted
2026-08-22 20:45:29 INFO  BaseClass - Navigating to URL: https://opensource-demo.orangehrmlive.com/web/index.php/auth/login
2026-08-22 20:45:30 INFO  BaseClass - URL loaded successfully
2026-08-22 20:45:30 INFO  BaseClass - ===== Test Setup Completed =====
2026-08-22 20:45:30 INFO  LoginPage - Entering Username
2026-08-22 20:45:34 INFO  LoginPage - Username Entered
2026-08-22 20:45:34 INFO  LoginPage - Entering Password
2026-08-22 20:45:34 INFO  LoginPage - Username Password
2026-08-22 20:45:34 INFO  LoginPage - Clicking Login button
2026-08-22 20:45:34 INFO  LoginPage - Login button clicked
2026-08-22 20:45:34 INFO  LoginPage - Clicking PIM Link
2026-08-22 20:45:37 INFO  LoginPage - Clicked PIM Link
2026-08-22 20:45:37 INFO  LoginPage - Clicking Add button
2026-08-22 20:45:38 INFO  LoginPage - Add button clicked
2026-08-22 20:45:38 INFO  LoginPage - Entering Firstname
2026-08-22 20:45:38 INFO  LoginPage - Firstname Entered
2026-08-22 20:45:38 INFO  LoginPage - Entering Middlename
2026-08-22 20:45:38 INFO  LoginPage - Middlename Entered
2026-08-22 20:45:38 INFO  LoginPage - Entering Lastname
2026-08-22 20:45:38 INFO  LoginPage - Lastname Entered
2026-08-22 20:45:38 INFO  LoginPage - Clicking Save button
2026-08-22 20:45:38 INFO  LoginPage - Save button clicked
2026-08-22 20:48:26 INFO  BaseClass - ===== Test Setup Started =====
2026-08-22 20:48:26 INFO  BaseClass - Creating WebDriver
2026-08-22 20:48:26 INFO  DriverFactory - Requested browser: chrome
2026-08-22 20:48:26 INFO  DriverFactory - Launching Chrome
2026-08-22 20:48:28 INFO  BaseClass - WebDriver created successfully
2026-08-22 20:48:28 INFO  BaseClass - Browser maximized
2026-08-22 20:48:28 INFO  BaseClass - Cookies deleted
2026-08-22 20:48:28 INFO  BaseClass - Navigating to URL: https://opensource-demo.orangehrmlive.com/web/index.php/auth/login
2026-08-22 20:48:31 INFO  BaseClass - URL loaded successfully
2026-08-22 20:48:31 INFO  BaseClass - ===== Test Setup Completed =====
2026-08-22 20:48:31 INFO  LoginPage - Entering Username
2026-08-22 20:48:32 INFO  LoginPage - Username Entered
2026-08-22 20:48:32 INFO  LoginPage - Entering Password
2026-08-22 20:48:32 INFO  LoginPage - Username Password
2026-08-22 20:48:32 INFO  LoginPage - Clicking Login button
2026-08-22 20:48:33 INFO  LoginPage - Login button clicked
2026-08-22 20:48:33 INFO  LoginPage - Clicking PIM Link
2026-08-22 20:48:35 INFO  LoginPage - Clicked PIM Link
2026-08-22 20:48:35 INFO  LoginPage - Clicking Add button
2026-08-22 20:48:36 INFO  LoginPage - Add button clicked
2026-08-22 20:48:36 INFO  LoginPage - Entering Firstname
2026-08-22 20:48:37 INFO  LoginPage - Firstname Entered
2026-08-22 20:48:37 INFO  LoginPage - Entering Middlename
2026-08-22 20:48:37 INFO  LoginPage - Middlename Entered
2026-08-22 20:48:37 INFO  LoginPage - Entering Lastname
2026-08-22 20:48:37 INFO  LoginPage - Lastname Entered
2026-08-22 20:48:37 INFO  LoginPage - Clicking Save button
2026-08-22 20:48:37 INFO  LoginPage - Save button clicked
2026-08-22 20:49:37 INFO  BaseClass - ===== Test Setup Started =====
2026-08-22 20:49:37 INFO  BaseClass - Creating WebDriver
2026-08-22 20:49:37 INFO  DriverFactory - Requested browser: chrome
2026-08-22 20:49:37 INFO  DriverFactory - Launching Chrome
2026-08-22 20:49:39 INFO  BaseClass - WebDriver created successfully
2026-08-22 20:49:39 INFO  BaseClass - Browser maximized
2026-08-22 20:49:39 INFO  BaseClass - Cookies deleted
2026-08-22 20:49:39 INFO  BaseClass - Navigating to URL: https://opensource-demo.orangehrmlive.com/web/index.php/auth/login
2026-08-22 20:49:40 INFO  BaseClass - URL loaded successfully
2026-08-22 20:49:40 INFO  BaseClass - ===== Test Setup Completed =====
2026-08-22 20:49:40 INFO  LoginPage - Entering Username
2026-08-22 20:49:42 INFO  LoginPage - Username Entered
2026-08-22 20:49:42 INFO  LoginPage - Entering Password
2026-08-22 20:49:42 INFO  LoginPage - Username Password
2026-08-22 20:49:42 INFO  LoginPage - Clicking Login button
2026-08-22 20:49:43 INFO  LoginPage - Login button clicked
2026-08-22 20:49:43 INFO  LoginPage - Clicking PIM Link
2026-08-22 20:49:45 INFO  LoginPage - Clicked PIM Link
2026-08-22 20:49:45 INFO  LoginPage - Clicking Add button
2026-08-22 20:49:47 INFO  LoginPage - Add button clicked
2026-08-22 20:49:47 INFO  LoginPage - Entering Firstname
2026-08-22 20:49:47 INFO  LoginPage - Firstname Entered
2026-08-22 20:49:47 INFO  LoginPage - Entering Middlename
2026-08-22 20:49:47 INFO  LoginPage - Middlename Entered
2026-08-22 20:49:47 INFO  LoginPage - Entering Lastname
2026-08-22 20:49:48 INFO  LoginPage - Lastname Entered
2026-08-22 20:49:48 INFO  LoginPage - Clicking Save button
2026-08-22 20:49:48 INFO  LoginPage - Save button clicked
2026-08-22 20:51:01 INFO  BaseClass - ===== Test Setup Started =====
2026-08-22 20:51:01 INFO  BaseClass - Creating WebDriver
2026-08-22 20:51:01 INFO  DriverFactory - Requested browser: chrome
2026-08-22 20:51:01 INFO  DriverFactory - Launching Chrome
2026-08-22 20:51:03 INFO  BaseClass - WebDriver created successfully
2026-08-22 20:51:03 INFO  BaseClass - Browser maximized
2026-08-22 20:51:04 INFO  BaseClass - Cookies deleted
2026-08-22 20:51:04 INFO  BaseClass - Navigating to URL: https://opensource-demo.orangehrmlive.com/web/index.php/auth/login
2026-08-22 20:51:07 INFO  BaseClass - URL loaded successfully
2026-08-22 20:51:07 INFO  BaseClass - ===== Test Setup Completed =====
2026-08-22 20:51:07 INFO  LoginPage - Entering Username
2026-08-22 20:51:08 INFO  LoginPage - Username Entered
2026-08-22 20:51:08 INFO  LoginPage - Entering Password
2026-08-22 20:51:08 INFO  LoginPage - Username Password
2026-08-22 20:51:08 INFO  LoginPage - Clicking Login button
2026-08-22 20:51:09 INFO  LoginPage - Login button clicked
2026-08-22 20:51:09 INFO  LoginPage - Clicking PIM Link
2026-08-22 20:51:12 INFO  LoginPage - Clicked PIM Link
2026-08-22 20:51:12 INFO  LoginPage - Clicking Add button
2026-08-22 20:51:13 INFO  LoginPage - Add button clicked
2026-08-22 20:51:13 INFO  LoginPage - Entering Firstname
2026-08-22 20:51:14 INFO  LoginPage - Firstname Entered
2026-08-22 20:51:14 INFO  LoginPage - Entering Middlename
2026-08-22 20:51:14 INFO  LoginPage - Middlename Entered
2026-08-22 20:51:14 INFO  LoginPage - Entering Lastname
2026-08-22 20:51:14 INFO  LoginPage - Lastname Entered
2026-08-22 20:51:14 INFO  LoginPage - Clicking Save button
2026-08-22 20:51:14 INFO  LoginPage - Save button clicked
2026-08-22 20:51:45 INFO  BaseClass - ===== Test Setup Started =====
2026-08-22 20:51:45 INFO  BaseClass - Creating WebDriver
2026-08-22 20:51:45 INFO  DriverFactory - Requested browser: chrome
2026-08-22 20:51:45 INFO  DriverFactory - Launching Chrome
2026-08-22 20:51:47 INFO  BaseClass - WebDriver created successfully
2026-08-22 20:51:47 INFO  BaseClass - Browser maximized
2026-08-22 20:51:47 INFO  BaseClass - Cookies deleted
2026-08-22 20:51:47 INFO  BaseClass - Navigating to URL: https://opensource-demo.orangehrmlive.com/web/index.php/auth/login
2026-08-22 20:51:48 INFO  BaseClass - URL loaded successfully
2026-08-22 20:51:48 INFO  BaseClass - ===== Test Setup Completed =====
2026-08-22 20:51:48 INFO  LoginPage - Entering Username
2026-08-22 20:51:51 INFO  LoginPage - Username Entered
2026-08-22 20:51:51 INFO  LoginPage - Entering Password
2026-08-22 20:51:51 INFO  LoginPage - Username Password
2026-08-22 20:51:51 INFO  LoginPage - Clicking Login button
2026-08-22 20:51:51 INFO  LoginPage - Login button clicked
2026-08-22 20:51:51 INFO  LoginPage - Clicking PIM Link
2026-08-22 20:51:54 INFO  LoginPage - Clicked PIM Link
2026-08-22 20:51:54 INFO  LoginPage - Clicking Add button
2026-08-22 20:51:55 INFO  LoginPage - Add button clicked
2026-08-22 20:51:55 INFO  LoginPage - Entering Firstname
2026-08-22 20:51:55 INFO  LoginPage - Firstname Entered
2026-08-22 20:51:55 INFO  LoginPage - Entering Middlename
2026-08-22 20:51:55 INFO  LoginPage - Middlename Entered
2026-08-22 20:51:55 INFO  LoginPage - Entering Lastname
2026-08-22 20:51:55 INFO  LoginPage - Lastname Entered
2026-08-22 20:51:55 INFO  LoginPage - Clicking Save button
2026-08-22 20:51:55 INFO  LoginPage - Save button clicked
2026-09-05 17:17:45 INFO  BaseClass - ===== Test Setup Started =====
2026-09-05 17:17:45 INFO  BaseClass - Creating WebDriver
2026-09-05 17:17:45 INFO  DriverFactory - Requested browser: chrome
2026-09-05 17:17:45 INFO  DriverFactory - Launching Chrome
2026-09-05 17:17:56 INFO  BaseClass - WebDriver created successfully
2026-09-05 17:17:56 INFO  BaseClass - Browser maximized
2026-09-05 17:17:56 INFO  BaseClass - Cookies deleted
2026-09-05 17:17:56 INFO  BaseClass - Navigating to URL: https://opensource-demo.orangehrmlive.com/web/index.php/auth/login
2026-09-05 17:17:59 INFO  BaseClass - URL loaded successfully
2026-09-05 17:17:59 INFO  BaseClass - ===== Test Setup Completed =====
2026-09-05 17:17:59 INFO  LoginPage - Entering Username
2026-09-05 17:17:59 INFO  LoginPage - Username Entered
2026-09-05 17:17:59 INFO  LoginPage - Entering Password
2026-09-05 17:17:59 INFO  LoginPage - Username Password
2026-09-05 17:17:59 INFO  LoginPage - Clicking Login button
2026-09-05 17:17:59 INFO  LoginPage - Login button clicked
2026-09-05 17:17:59 INFO  LoginPage - Clicking PIM Link
2026-09-05 17:18:02 INFO  LoginPage - Clicked PIM Link
2026-09-05 17:18:02 INFO  LoginPage - Clicking Add button
2026-09-05 17:18:03 INFO  LoginPage - Add button clicked
2026-09-05 17:18:03 INFO  LoginPage - Entering Firstname
2026-09-05 17:18:03 INFO  LoginPage - Firstname Entered
2026-09-05 17:18:03 INFO  LoginPage - Entering Middlename
2026-09-05 17:18:03 INFO  LoginPage - Middlename Entered
2026-09-05 17:18:03 INFO  LoginPage - Entering Lastname
2026-09-05 17:18:04 INFO  LoginPage - Lastname Entered
2026-09-05 17:18:04 INFO  LoginPage - Clicking Save button
2026-09-05 17:18:04 INFO  LoginPage - Save button clicked
2026-09-05 17:18:35 INFO  BaseClass - ===== Test Setup Started =====
2026-09-05 17:18:35 INFO  BaseClass - Creating WebDriver
2026-09-05 17:18:35 INFO  DriverFactory - Requested browser: chrome
2026-09-05 17:18:35 INFO  DriverFactory - Launching Chrome
2026-09-05 17:18:36 INFO  BaseClass - WebDriver created successfully
2026-09-05 17:18:36 INFO  BaseClass - Browser maximized
2026-09-05 17:18:36 INFO  BaseClass - Cookies deleted
2026-09-05 17:18:36 INFO  BaseClass - Navigating to URL: https://opensource-demo.orangehrmlive.com/web/index.php/auth/login
2026-09-05 17:18:40 INFO  BaseClass - URL loaded successfully
2026-09-05 17:18:40 INFO  BaseClass - ===== Test Setup Completed =====
2026-09-05 17:18:40 INFO  LoginPage - Entering Username
2026-09-05 17:18:40 INFO  LoginPage - Username Entered
2026-09-05 17:18:40 INFO  LoginPage - Entering Password
2026-09-05 17:18:40 INFO  LoginPage - Username Password
2026-09-05 17:18:40 INFO  LoginPage - Clicking Login button
2026-09-05 17:18:40 INFO  LoginPage - Login button clicked
2026-09-05 17:18:40 INFO  LoginPage - Clicking PIM Link
2026-09-05 17:18:43 INFO  LoginPage - Clicked PIM Link
2026-09-05 17:18:43 INFO  LoginPage - Clicking Add button
2026-09-05 17:18:45 INFO  LoginPage - Add button clicked
2026-09-05 17:18:45 INFO  LoginPage - Entering Firstname
2026-09-05 17:18:46 INFO  LoginPage - Firstname Entered
2026-09-05 17:18:46 INFO  LoginPage - Entering Middlename
2026-09-05 17:18:46 INFO  LoginPage - Middlename Entered
2026-09-05 17:18:46 INFO  LoginPage - Entering Lastname
2026-09-05 17:18:46 INFO  LoginPage - Lastname Entered
2026-09-05 17:18:46 INFO  LoginPage - Clicking Save button
2026-09-05 17:18:46 INFO  LoginPage - Save button clicked
2026-09-05 17:20:37 INFO  BaseClass - ===== Test Setup Started =====
2026-09-05 17:20:37 INFO  BaseClass - Creating WebDriver
2026-09-05 17:20:37 INFO  DriverFactory - Requested browser: chrome
2026-09-05 17:20:37 INFO  DriverFactory - Launching Chrome
2026-09-05 17:20:39 INFO  BaseClass - WebDriver created successfully
2026-09-05 17:20:39 INFO  BaseClass - Browser maximized
2026-09-05 17:20:39 INFO  BaseClass - Cookies deleted
2026-09-05 17:20:39 INFO  BaseClass - Navigating to URL: https://opensource-demo.orangehrmlive.com/web/index.php/auth/login
2026-09-05 17:20:42 INFO  BaseClass - URL loaded successfully
2026-09-05 17:20:42 INFO  BaseClass - ===== Test Setup Completed =====
2026-09-05 17:20:42 INFO  LoginPage - Entering Username
2026-09-05 17:20:42 INFO  LoginPage - Username Entered
2026-09-05 17:20:42 INFO  LoginPage - Entering Password
2026-09-05 17:20:42 INFO  LoginPage - Username Password
2026-09-05 17:20:42 INFO  LoginPage - Clicking Login button
2026-09-05 17:20:42 INFO  LoginPage - Login button clicked
2026-09-05 17:20:42 INFO  LoginPage - Clicking PIM Link
2026-09-05 17:20:45 INFO  LoginPage - Clicked PIM Link
2026-09-05 17:20:45 INFO  LoginPage - Clicking Add button
2026-09-05 17:20:46 INFO  LoginPage - Add button clicked
2026-09-05 17:20:46 INFO  LoginPage - Entering Firstname
2026-09-05 17:20:46 INFO  LoginPage - Firstname Entered
2026-09-05 17:20:46 INFO  LoginPage - Entering Middlename
2026-09-05 17:20:47 INFO  LoginPage - Middlename Entered
2026-09-05 17:20:47 INFO  LoginPage - Entering Lastname
2026-09-05 17:20:47 INFO  LoginPage - Lastname Entered
2026-09-05 17:20:47 INFO  LoginPage - Clicking Save button
2026-09-05 17:20:47 INFO  LoginPage - Save button clicked
2026-09-05 17:36:07 INFO  BaseClass - ===== Test Setup Started =====
2026-09-05 17:36:07 INFO  BaseClass - Creating WebDriver
2026-09-05 17:36:07 INFO  DriverFactory - Requested browser: chrome
2026-09-05 17:36:07 INFO  DriverFactory - Launching Chrome
2026-09-05 17:36:08 INFO  BaseClass - WebDriver created successfully
2026-09-05 17:36:08 INFO  BaseClass - Browser maximized
2026-09-05 17:36:08 INFO  BaseClass - Cookies deleted
2026-09-05 17:36:08 INFO  BaseClass - Navigating to URL: https://opensource-demo.orangehrmlive.com/web/index.php/auth/login
2026-09-05 17:36:15 INFO  BaseClass - URL loaded successfully
2026-09-05 17:36:15 INFO  BaseClass - ===== Test Setup Completed =====
2026-09-05 17:36:15 INFO  LoginPage - Entering Username
2026-09-05 17:36:15 INFO  LoginPage - Username Entered
2026-09-05 17:36:15 INFO  LoginPage - Entering Password
2026-09-05 17:36:15 INFO  LoginPage - Username Password
2026-09-05 17:36:15 INFO  LoginPage - Clicking Login button
2026-09-05 17:36:16 INFO  LoginPage - Login button clicked
2026-09-05 17:36:16 INFO  LoginPage - Clicking PIM Link
2026-09-05 17:36:17 INFO  LoginPage - Clicked PIM Link
2026-09-05 17:36:17 INFO  LoginPage - Clicking Add button
2026-09-05 17:36:18 INFO  LoginPage - Add button clicked
2026-09-05 17:36:18 INFO  LoginPage - Entering Firstname
2026-09-05 17:36:19 INFO  LoginPage - Firstname Entered
2026-09-05 17:36:19 INFO  LoginPage - Entering Middlename
2026-09-05 17:36:19 INFO  LoginPage - Middlename Entered
2026-09-05 17:36:19 INFO  LoginPage - Entering Lastname
2026-09-05 17:36:19 INFO  LoginPage - Lastname Entered
2026-09-05 17:36:19 INFO  LoginPage - Clicking Save button
2026-09-05 17:36:19 INFO  LoginPage - Save button clicked
2026-09-05 17:37:50 INFO  BaseClass - ===== Test Setup Started =====
2026-09-05 17:37:50 INFO  BaseClass - Creating WebDriver
2026-09-05 17:37:50 INFO  DriverFactory - Requested browser: chrome
2026-09-05 17:37:50 INFO  DriverFactory - Launching Chrome
2026-09-05 17:37:52 INFO  BaseClass - WebDriver created successfully
2026-09-05 17:37:52 INFO  BaseClass - Browser maximized
2026-09-05 17:37:52 INFO  BaseClass - Cookies deleted
2026-09-05 17:37:52 INFO  BaseClass - Navigating to URL: https://opensource-demo.orangehrmlive.com/web/index.php/auth/login
2026-09-05 17:37:54 INFO  BaseClass - URL loaded successfully
2026-09-05 17:37:54 INFO  BaseClass - ===== Test Setup Completed =====
2026-09-05 17:37:54 INFO  LoginPage - Entering Username
2026-09-05 17:37:55 INFO  LoginPage - Username Entered
2026-09-05 17:37:55 INFO  LoginPage - Entering Password
2026-09-05 17:37:55 INFO  LoginPage - Username Password
2026-09-05 17:37:55 INFO  LoginPage - Clicking Login button
2026-09-05 17:37:55 INFO  LoginPage - Login button clicked
2026-09-05 17:37:55 INFO  LoginPage - Clicking PIM Link
2026-09-05 17:37:57 INFO  LoginPage - Clicked PIM Link
2026-09-05 17:37:57 INFO  LoginPage - Clicking Add button
2026-09-05 17:37:59 INFO  LoginPage - Add button clicked
2026-09-05 17:37:59 INFO  LoginPage - Entering Firstname
2026-09-05 17:37:59 INFO  LoginPage - Firstname Entered
2026-09-05 17:37:59 INFO  LoginPage - Entering Middlename
2026-09-05 17:37:59 INFO  LoginPage - Middlename Entered
2026-09-05 17:37:59 INFO  LoginPage - Entering Lastname
2026-09-05 17:37:59 INFO  LoginPage - Lastname Entered
2026-09-05 17:37:59 INFO  LoginPage - Clicking Save button
2026-09-05 17:37:59 INFO  LoginPage - Save button clicked
2026-09-05 17:40:59 INFO  BaseClass - ===== Test Setup Started =====
2026-09-05 17:40:59 INFO  BaseClass - Creating WebDriver
2026-09-05 17:40:59 INFO  DriverFactory - Requested browser: chrome
2026-09-05 17:40:59 INFO  DriverFactory - Launching Chrome
2026-09-05 17:41:00 INFO  BaseClass - WebDriver created successfully
2026-09-05 17:41:00 INFO  BaseClass - Browser maximized
2026-09-05 17:41:00 INFO  BaseClass - Cookies deleted
2026-09-05 17:41:00 INFO  BaseClass - Navigating to URL: https://opensource-demo.orangehrmlive.com/web/index.php/auth/login
2026-09-05 17:41:03 INFO  BaseClass - URL loaded successfully
2026-09-05 17:41:03 INFO  BaseClass - ===== Test Setup Completed =====
2026-09-05 17:41:03 INFO  LoginPage - Entering Username
2026-09-05 17:41:03 INFO  LoginPage - Username Entered
2026-09-05 17:41:03 INFO  LoginPage - Entering Password
2026-09-05 17:41:03 INFO  LoginPage - Username Password
2026-09-05 17:41:03 INFO  LoginPage - Clicking Login button
2026-09-05 17:41:05 INFO  LoginPage - Login button clicked
2026-09-05 17:41:05 INFO  LoginPage - Clicking PIM Link
2026-09-05 17:41:06 INFO  LoginPage - Clicked PIM Link
2026-09-05 17:41:06 INFO  LoginPage - Clicking Add button
2026-09-05 17:41:07 INFO  LoginPage - Add button clicked
2026-09-05 17:41:07 INFO  LoginPage - Entering Firstname
2026-09-05 17:41:08 INFO  LoginPage - Firstname Entered
2026-09-05 17:41:08 INFO  LoginPage - Entering Middlename
2026-09-05 17:41:08 INFO  LoginPage - Middlename Entered
2026-09-05 17:41:08 INFO  LoginPage - Entering Lastname
2026-09-05 17:41:08 INFO  LoginPage - Lastname Entered
2026-09-05 17:41:08 INFO  LoginPage - Clicking Save button
2026-09-05 17:41:08 INFO  LoginPage - Save button clicked
2026-09-05 17:42:04 INFO  BaseClass - ===== Test Setup Started =====
2026-09-05 17:42:04 INFO  BaseClass - Creating WebDriver
2026-09-05 17:42:04 INFO  DriverFactory - Requested browser: chrome
2026-09-05 17:42:04 INFO  DriverFactory - Launching Chrome
2026-09-05 17:42:06 INFO  BaseClass - WebDriver created successfully
2026-09-05 17:42:06 INFO  BaseClass - Browser maximized
2026-09-05 17:42:06 INFO  BaseClass - Cookies deleted
2026-09-05 17:42:06 INFO  BaseClass - Navigating to URL: https://opensource-demo.orangehrmlive.com/web/index.php/auth/login
2026-09-05 17:42:07 INFO  BaseClass - URL loaded successfully
2026-09-05 17:42:07 INFO  BaseClass - ===== Test Setup Completed =====
2026-09-05 17:42:07 INFO  LoginPage - Entering Username
2026-09-05 17:42:10 INFO  LoginPage - Username Entered
2026-09-05 17:42:10 INFO  LoginPage - Entering Password
2026-09-05 17:42:10 INFO  LoginPage - Username Password
2026-09-05 17:42:10 INFO  LoginPage - Clicking Login button
2026-09-05 17:42:11 INFO  LoginPage - Login button clicked
2026-09-05 17:42:11 INFO  LoginPage - Clicking PIM Link
2026-09-05 17:42:14 INFO  LoginPage - Clicked PIM Link
2026-09-05 17:42:14 INFO  LoginPage - Clicking Add button
2026-09-05 17:42:15 INFO  LoginPage - Add button clicked
2026-09-05 17:42:15 INFO  LoginPage - Entering Firstname
2026-09-05 17:42:15 INFO  LoginPage - Firstname Entered
2026-09-05 17:42:15 INFO  LoginPage - Entering Middlename
2026-09-05 17:42:15 INFO  LoginPage - Middlename Entered
2026-09-05 17:42:15 INFO  LoginPage - Entering Lastname
2026-09-05 17:42:15 INFO  LoginPage - Lastname Entered
2026-09-05 17:42:15 INFO  LoginPage - Clicking Save button
2026-09-05 17:42:15 INFO  LoginPage - Save button clicked
2026-09-05 17:57:55 INFO  BaseClass - ===== Test Setup Started =====
2026-09-05 17:57:55 INFO  BaseClass - Creating WebDriver
2026-09-05 17:57:55 INFO  DriverFactory - Requested browser: chrome
2026-09-05 17:57:55 INFO  DriverFactory - Launching Chrome
2026-09-05 17:57:57 INFO  BaseClass - WebDriver created successfully
2026-09-05 17:57:57 INFO  BaseClass - Browser maximized
2026-09-05 17:57:57 INFO  BaseClass - Cookies deleted
2026-09-05 17:57:57 INFO  BaseClass - Navigating to URL: https://opensource-demo.orangehrmlive.com/web/index.php/auth/login
2026-09-05 17:58:00 INFO  BaseClass - URL loaded successfully
2026-09-05 17:58:00 INFO  BaseClass - ===== Test Setup Completed =====
2026-09-05 17:58:00 INFO  LoginPage - Entering Username
2026-09-05 17:58:01 INFO  LoginPage - Username Entered
2026-09-05 17:58:01 INFO  LoginPage - Entering Password
2026-09-05 17:58:01 INFO  LoginPage - Username Password
2026-09-05 17:58:01 INFO  LoginPage - Clicking Login button
2026-09-05 17:58:01 INFO  LoginPage - Login button clicked
2026-09-05 17:58:01 INFO  LoginPage - Clicking PIM Link
2026-09-05 17:58:04 INFO  LoginPage - Clicked PIM Link
2026-09-05 17:58:04 INFO  LoginPage - Clicking Add button
2026-09-05 17:58:05 INFO  LoginPage - Add button clicked
2026-09-05 17:58:05 INFO  LoginPage - Entering Firstname
2026-09-05 17:58:05 INFO  LoginPage - Firstname Entered
2026-09-05 17:58:05 INFO  LoginPage - Entering Middlename
2026-09-05 17:58:05 INFO  LoginPage - Middlename Entered
2026-09-05 17:58:05 INFO  LoginPage - Entering Lastname
2026-09-05 17:58:05 INFO  LoginPage - Lastname Entered
2026-09-05 17:58:05 INFO  LoginPage - Clicking Save button
2026-09-05 17:58:05 INFO  LoginPage - Save button clicked
2026-09-05 17:58:27 INFO  BaseClass - ===== Test Setup Started =====
2026-09-05 17:58:27 INFO  BaseClass - Creating WebDriver
2026-09-05 17:58:27 INFO  DriverFactory - Requested browser: chrome
2026-09-05 17:58:27 INFO  DriverFactory - Launching Chrome
2026-09-05 17:58:28 INFO  BaseClass - WebDriver created successfully
2026-09-05 17:58:28 INFO  BaseClass - Browser maximized
2026-09-05 17:58:28 INFO  BaseClass - Cookies deleted
2026-09-05 17:58:28 INFO  BaseClass - Navigating to URL: https://opensource-demo.orangehrmlive.com/web/index.php/auth/login
2026-09-05 17:58:31 INFO  BaseClass - URL loaded successfully
2026-09-05 17:58:31 INFO  BaseClass - ===== Test Setup Completed =====
2026-09-05 17:58:31 INFO  LoginPage - Entering Username
2026-09-05 17:58:32 INFO  LoginPage - Username Entered
2026-09-05 17:58:32 INFO  LoginPage - Entering Password
2026-09-05 17:58:32 INFO  LoginPage - Username Password
2026-09-05 17:58:32 INFO  LoginPage - Clicking Login button
2026-09-05 17:58:32 INFO  LoginPage - Login button clicked
2026-09-05 17:58:32 INFO  LoginPage - Clicking PIM Link
2026-09-05 17:58:34 INFO  LoginPage - Clicked PIM Link
2026-09-05 17:58:34 INFO  LoginPage - Clicking Add button
2026-09-05 17:58:35 INFO  LoginPage - Add button clicked
2026-09-05 17:58:35 INFO  LoginPage - Entering Firstname
2026-09-05 17:58:36 INFO  LoginPage - Firstname Entered
2026-09-05 17:58:36 INFO  LoginPage - Entering Middlename
2026-09-05 17:58:36 INFO  LoginPage - Middlename Entered
2026-09-05 17:58:36 INFO  LoginPage - Entering Lastname
2026-09-05 17:58:36 INFO  LoginPage - Lastname Entered
2026-09-05 17:58:36 INFO  LoginPage - Clicking Save button
2026-09-05 17:58:36 INFO  LoginPage - Save button clicked
2026-09-05 18:06:47 INFO  BaseClass - ===== Test Setup Started =====
2026-09-05 18:06:47 INFO  BaseClass - Creating WebDriver
2026-09-05 18:06:47 INFO  DriverFactory - Requested browser: chrome
2026-09-05 18:06:47 INFO  DriverFactory - Launching Chrome
2026-09-05 18:06:48 INFO  BaseClass - WebDriver created successfully
2026-09-05 18:06:48 INFO  BaseClass - Browser maximized
2026-09-05 18:06:48 INFO  BaseClass - Cookies deleted
2026-09-05 18:06:48 INFO  BaseClass - Navigating to URL: https://opensource-demo.orangehrmlive.com/web/index.php/auth/login
2026-09-05 18:06:49 INFO  BaseClass - URL loaded successfully
2026-09-05 18:06:49 INFO  BaseClass - ===== Test Setup Completed =====
2026-09-05 18:06:49 INFO  LoginPage - Entering Username
2026-09-05 18:06:52 INFO  LoginPage - Username Entered
2026-09-05 18:06:52 INFO  LoginPage - Entering Password
2026-09-05 18:06:52 INFO  LoginPage - Username Password
2026-09-05 18:06:52 INFO  LoginPage - Clicking Login button
2026-09-05 18:06:52 INFO  LoginPage - Login button clicked
2026-09-05 18:06:52 INFO  LoginPage - Clicking PIM Link
2026-09-05 18:06:54 INFO  LoginPage - Clicked PIM Link
2026-09-05 18:06:54 INFO  LoginPage - Clicking Add button
2026-09-05 18:06:55 INFO  LoginPage - Add button clicked
2026-09-05 18:06:55 INFO  LoginPage - Entering Firstname
2026-09-05 18:06:55 INFO  LoginPage - Firstname Entered
2026-09-05 18:06:55 INFO  LoginPage - Entering Middlename
2026-09-05 18:06:56 INFO  LoginPage - Middlename Entered
2026-09-05 18:06:56 INFO  LoginPage - Entering Lastname
2026-09-05 18:06:56 INFO  LoginPage - Lastname Entered
2026-09-05 18:06:56 INFO  LoginPage - Clicking Save button
2026-09-05 18:06:56 INFO  LoginPage - Save button clicked
2026-09-06 10:55:34 INFO  BaseClass - ===== Test Setup Started =====
2026-09-06 10:55:34 INFO  BaseClass - Creating WebDriver
2026-09-06 10:55:34 INFO  DriverFactory - Requested browser: chrome
2026-09-06 10:55:34 INFO  DriverFactory - Launching Chrome
2026-09-06 10:55:36 INFO  BaseClass - WebDriver created successfully
2026-09-06 10:55:36 INFO  BaseClass - Browser maximized
2026-09-06 10:55:36 INFO  BaseClass - Cookies deleted
2026-09-06 10:55:36 INFO  BaseClass - Navigating to URL: https://opensource-demo.orangehrmlive.com/web/index.php/auth/login
2026-09-06 10:55:39 INFO  BaseClass - URL loaded successfully
2026-09-06 10:55:39 INFO  BaseClass - ===== Test Setup Completed =====
2026-09-06 10:55:39 INFO  LoginPage - Entering Username
2026-09-06 10:55:40 INFO  LoginPage - Username Entered
2026-09-06 10:55:40 INFO  LoginPage - Entering Password
2026-09-06 10:55:40 INFO  LoginPage - Username Password
2026-09-06 10:55:40 INFO  LoginPage - Clicking Login button
2026-09-06 10:55:40 INFO  LoginPage - Login button clicked
2026-09-06 10:55:40 INFO  LoginPage - Clicking PIM Link
2026-09-06 10:55:42 INFO  LoginPage - Clicked PIM Link
2026-09-06 10:55:42 INFO  LoginPage - Clicking Add button
2026-09-06 10:55:43 INFO  LoginPage - Add button clicked
2026-09-06 10:55:43 INFO  BaseClass - Starting browser teardown
2026-09-06 10:55:43 INFO  BaseClass - Browser closed successfully
2026-09-06 10:56:49 INFO  BaseClass - ===== Test Setup Started =====
2026-09-06 10:56:49 INFO  BaseClass - Creating WebDriver
2026-09-06 10:56:49 INFO  DriverFactory - Requested browser: chrome
2026-09-06 10:56:49 INFO  DriverFactory - Launching Chrome
2026-09-06 10:56:50 INFO  BaseClass - WebDriver created successfully
2026-09-06 10:56:50 INFO  BaseClass - Browser maximized
2026-09-06 10:56:50 INFO  BaseClass - Cookies deleted
2026-09-06 10:56:50 INFO  BaseClass - Navigating to URL: https://opensource-demo.orangehrmlive.com/web/index.php/auth/login
2026-09-06 10:56:53 INFO  BaseClass - URL loaded successfully
2026-09-06 10:56:53 INFO  BaseClass - ===== Test Setup Completed =====
2026-09-06 10:56:53 INFO  LoginPage - Entering Username
2026-09-06 10:56:53 INFO  LoginPage - Username Entered
2026-09-06 10:56:53 INFO  LoginPage - Entering Password
2026-09-06 10:56:53 INFO  LoginPage - Username Password
2026-09-06 10:56:53 INFO  LoginPage - Clicking Login button
2026-09-06 10:56:54 INFO  LoginPage - Login button clicked
2026-09-06 10:56:54 INFO  LoginPage - Clicking PIM Link
2026-09-06 10:56:56 INFO  LoginPage - Clicked PIM Link
2026-09-06 10:56:56 INFO  LoginPage - Clicking Add button
2026-09-06 10:56:57 INFO  LoginPage - Add button clicked
2026-09-06 10:56:57 INFO  LoginPage - Entering Firstname
2026-09-06 10:56:57 INFO  LoginPage - Firstname Entered
2026-09-06 10:56:57 INFO  BaseClass - Starting browser teardown
2026-09-06 10:56:57 INFO  BaseClass - Browser closed successfully
2026-09-06 10:57:33 INFO  BaseClass - ===== Test Setup Started =====
2026-09-06 10:57:33 INFO  BaseClass - Creating WebDriver
2026-09-06 10:57:33 INFO  DriverFactory - Requested browser: chrome
2026-09-06 10:57:33 INFO  DriverFactory - Launching Chrome
2026-09-06 10:57:35 INFO  BaseClass - WebDriver created successfully
2026-09-06 10:57:35 INFO  BaseClass - Browser maximized
2026-09-06 10:57:35 INFO  BaseClass - Cookies deleted
2026-09-06 10:57:35 INFO  BaseClass - Navigating to URL: https://opensource-demo.orangehrmlive.com/web/index.php/auth/login
2026-09-06 10:57:35 INFO  BaseClass - URL loaded successfully
2026-09-06 10:57:35 INFO  BaseClass - ===== Test Setup Completed =====
2026-09-06 10:57:35 INFO  LoginPage - Entering Username
2026-09-06 10:57:38 INFO  LoginPage - Username Entered
2026-09-06 10:57:38 INFO  LoginPage - Entering Password
2026-09-06 10:57:38 INFO  LoginPage - Username Password
2026-09-06 10:57:38 INFO  LoginPage - Clicking Login button
2026-09-06 10:57:39 INFO  LoginPage - Login button clicked
2026-09-06 10:57:39 INFO  LoginPage - Clicking PIM Link
2026-09-06 10:57:40 INFO  LoginPage - Clicked PIM Link
2026-09-06 10:57:40 INFO  LoginPage - Clicking Add button
2026-09-06 10:57:41 INFO  LoginPage - Add button clicked
2026-09-06 10:57:41 INFO  LoginPage - Entering Firstname
2026-09-06 10:57:42 INFO  LoginPage - Firstname Entered
2026-09-06 10:57:42 INFO  LoginPage - Entering Middlename
2026-09-06 10:57:42 INFO  LoginPage - Middlename Entered
2026-09-06 10:57:42 INFO  LoginPage - Entering Lastname
2026-09-06 10:57:42 INFO  LoginPage - Lastname Entered
2026-09-06 10:57:42 INFO  LoginPage - Clicking Save button
2026-09-06 10:57:42 INFO  LoginPage - Save button clicked
2026-09-06 10:57:52 INFO  BaseClass - Starting browser teardown
2026-09-06 10:57:52 INFO  BaseClass - Browser closed successfully
2026-09-06 10:57:56 INFO  BaseClass - ===== Test Setup Started =====
2026-09-06 10:57:56 INFO  BaseClass - Creating WebDriver
2026-09-06 10:57:56 INFO  DriverFactory - Requested browser: chrome
2026-09-06 10:57:56 INFO  DriverFactory - Launching Chrome
2026-09-06 10:57:58 INFO  BaseClass - WebDriver created successfully
2026-09-06 10:57:58 INFO  BaseClass - Browser maximized
2026-09-06 10:57:58 INFO  BaseClass - Cookies deleted
2026-09-06 10:57:58 INFO  BaseClass - Navigating to URL: https://opensource-demo.orangehrmlive.com/web/index.php/auth/login
2026-09-06 10:58:02 INFO  BaseClass - URL loaded successfully
2026-09-06 10:58:02 INFO  BaseClass - ===== Test Setup Completed =====
2026-09-06 10:58:02 INFO  LoginPage - Entering Username
2026-09-06 10:58:02 INFO  LoginPage - Username Entered
2026-09-06 10:58:02 INFO  LoginPage - Entering Password
2026-09-06 10:58:02 INFO  LoginPage - Username Password
2026-09-06 10:58:02 INFO  LoginPage - Clicking Login button
2026-09-06 10:58:02 INFO  LoginPage - Login button clicked
2026-09-06 10:58:02 INFO  LoginPage - Clicking PIM Link
2026-09-06 10:58:05 INFO  LoginPage - Clicked PIM Link
2026-09-06 10:58:05 INFO  LoginPage - Clicking Add button
2026-09-06 10:58:06 INFO  LoginPage - Add button clicked
2026-09-06 10:58:06 INFO  LoginPage - Entering Firstname
2026-09-06 10:58:06 INFO  LoginPage - Firstname Entered
2026-09-06 10:58:06 INFO  LoginPage - Entering Middlename
2026-09-06 10:58:06 INFO  LoginPage - Middlename Entered
2026-09-06 10:58:06 INFO  LoginPage - Entering Lastname
2026-09-06 10:58:06 INFO  LoginPage - Lastname Entered
2026-09-06 10:58:06 INFO  LoginPage - Clicking Save button
2026-09-06 10:58:07 INFO  LoginPage - Save button clicked
2026-09-06 10:58:12 INFO  BaseClass - Starting browser teardown
2026-09-06 10:58:12 INFO  BaseClass - Browser closed successfully
2026-09-06 10:58:58 INFO  BaseClass - ===== Test Setup Started =====
2026-09-06 10:58:58 INFO  BaseClass - Creating WebDriver
2026-09-06 10:58:58 INFO  DriverFactory - Requested browser: chrome
2026-09-06 10:58:58 INFO  DriverFactory - Launching Chrome
2026-09-06 10:58:59 INFO  BaseClass - WebDriver created successfully
2026-09-06 10:59:00 INFO  BaseClass - Browser maximized
2026-09-06 10:59:00 INFO  BaseClass - Cookies deleted
2026-09-06 10:59:00 INFO  BaseClass - Navigating to URL: https://opensource-demo.orangehrmlive.com/web/index.php/auth/login
2026-09-06 10:59:04 INFO  BaseClass - URL loaded successfully
2026-09-06 10:59:04 INFO  BaseClass - ===== Test Setup Completed =====
2026-09-06 10:59:04 INFO  LoginPage - Entering Username
2026-09-06 10:59:07 INFO  LoginPage - Username Entered
2026-09-06 10:59:07 INFO  LoginPage - Entering Password
2026-09-06 10:59:07 INFO  LoginPage - Username Password
2026-09-06 10:59:07 INFO  LoginPage - Clicking Login button
2026-09-06 10:59:09 INFO  LoginPage - Login button clicked
2026-09-06 10:59:09 INFO  LoginPage - Clicking PIM Link
2026-09-06 10:59:13 INFO  LoginPage - Clicked PIM Link
2026-09-06 10:59:13 INFO  LoginPage - Clicking Add button
2026-09-06 10:59:15 INFO  LoginPage - Add button clicked
2026-09-06 10:59:15 INFO  LoginPage - Entering Firstname
2026-09-06 10:59:17 INFO  LoginPage - Firstname Entered
2026-09-06 10:59:17 INFO  LoginPage - Entering Middlename
2026-09-06 10:59:17 INFO  LoginPage - Middlename Entered
2026-09-06 10:59:17 INFO  LoginPage - Entering Lastname
2026-09-06 10:59:17 INFO  LoginPage - Lastname Entered
2026-09-06 10:59:17 INFO  LoginPage - Clicking Save button
2026-09-06 10:59:18 INFO  BaseClass - Starting browser teardown
2026-09-06 10:59:18 INFO  BaseClass - Browser closed successfully
2026-09-06 10:59:51 INFO  BaseClass - ===== Test Setup Started =====
2026-09-06 10:59:51 INFO  BaseClass - Creating WebDriver
2026-09-06 10:59:51 INFO  DriverFactory - Requested browser: chrome
2026-09-06 10:59:51 INFO  DriverFactory - Launching Chrome
2026-09-06 10:59:52 INFO  BaseClass - WebDriver created successfully
2026-09-06 10:59:52 INFO  BaseClass - Browser maximized
2026-09-06 10:59:52 INFO  BaseClass - Cookies deleted
2026-09-06 10:59:52 INFO  BaseClass - Navigating to URL: https://opensource-demo.orangehrmlive.com/web/index.php/auth/login
2026-09-06 10:59:57 INFO  BaseClass - URL loaded successfully
2026-09-06 10:59:57 INFO  BaseClass - ===== Test Setup Completed =====
2026-09-06 10:59:57 INFO  LoginPage - Entering Username
2026-09-06 10:59:57 INFO  LoginPage - Username Entered
2026-09-06 10:59:57 INFO  LoginPage - Entering Password
2026-09-06 10:59:57 INFO  LoginPage - Username Password
2026-09-06 10:59:57 INFO  LoginPage - Clicking Login button
2026-09-06 10:59:57 INFO  LoginPage - Login button clicked
2026-09-06 10:59:57 INFO  LoginPage - Clicking PIM Link
2026-09-06 11:00:00 INFO  LoginPage - Clicked PIM Link
2026-09-06 11:00:00 INFO  LoginPage - Clicking Add button
2026-09-06 11:00:01 INFO  LoginPage - Add button clicked
2026-09-06 11:00:01 INFO  LoginPage - Entering Firstname
2026-09-06 11:00:02 INFO  LoginPage - Firstname Entered
2026-09-06 11:00:02 INFO  LoginPage - Entering Middlename
2026-09-06 11:00:02 INFO  LoginPage - Middlename Entered
2026-09-06 11:00:02 INFO  LoginPage - Entering Lastname
2026-09-06 11:00:02 INFO  LoginPage - Lastname Entered
2026-09-06 11:00:02 INFO  LoginPage - Clicking Save button
2026-09-06 11:00:02 INFO  LoginPage - Save button clicked
2026-09-06 11:00:08 INFO  BaseClass - Starting browser teardown
2026-09-06 11:00:08 INFO  BaseClass - Browser closed successfully
2026-09-06 11:28:23 INFO  BaseClass - ===== Test Setup Started =====
2026-09-06 11:28:23 INFO  BaseClass - Creating WebDriver
2026-09-06 11:28:23 INFO  DriverFactory - Requested browser: chrome
2026-09-06 11:28:23 INFO  DriverFactory - Launching Chrome
2026-09-06 11:28:25 INFO  BaseClass - WebDriver created successfully
2026-09-06 11:28:25 INFO  BaseClass - Browser maximized
2026-09-06 11:28:25 INFO  BaseClass - Cookies deleted
2026-09-06 11:28:25 INFO  BaseClass - Navigating to URL: https://opensource-demo.orangehrmlive.com/web/index.php/auth/login
2026-09-06 11:28:28 INFO  BaseClass - URL loaded successfully
2026-09-06 11:28:28 INFO  BaseClass - ===== Test Setup Completed =====
2026-09-06 11:28:28 INFO  LoginPage - Entering Username
2026-09-06 11:28:28 INFO  LoginPage - Username Entered
2026-09-06 11:28:28 INFO  LoginPage - Entering Password
2026-09-06 11:28:28 INFO  LoginPage - Username Password
2026-09-06 11:28:28 INFO  LoginPage - Clicking Login button
2026-09-06 11:28:28 INFO  LoginPage - Login button clicked
2026-09-06 11:28:28 INFO  LoginPage - Clicking PIM Link
2026-09-06 11:28:31 INFO  LoginPage - Clicked PIM Link
2026-09-06 11:28:31 INFO  LoginPage - Clicking Add button
2026-09-06 11:28:32 INFO  LoginPage - Add button clicked
2026-09-06 11:28:32 INFO  LoginPage - Entering Firstname
2026-09-06 11:28:32 INFO  LoginPage - Firstname Entered
2026-09-06 11:28:32 INFO  LoginPage - Entering Middlename
2026-09-06 11:28:32 INFO  LoginPage - Middlename Entered
2026-09-06 11:28:32 INFO  LoginPage - Entering Lastname
2026-09-06 11:28:32 INFO  LoginPage - Lastname Entered
2026-09-06 11:28:32 INFO  LoginPage - Clicking Save button
2026-09-06 11:28:33 INFO  LoginPage - Save button clicked
2026-09-06 11:28:38 INFO  BaseClass - Starting browser teardown
2026-09-06 11:28:40 INFO  BaseClass - Browser closed successfully
2026-09-06 14:20:12 INFO  BaseClass - ===== Test Setup Started =====
2026-09-06 14:20:12 INFO  BaseClass - Creating WebDriver
2026-09-06 14:20:12 INFO  DriverFactory - Requested browser: chrome
2026-09-06 14:20:12 INFO  DriverFactory - Launching Chrome
2026-09-06 14:20:14 INFO  BaseClass - WebDriver created successfully
2026-09-06 14:20:14 INFO  BaseClass - Browser maximized
2026-09-06 14:20:14 INFO  BaseClass - Cookies deleted
2026-09-06 14:20:14 INFO  BaseClass - Navigating to URL: https://opensource-demo.orangehrmlive.com/web/index.php/auth/login
2026-09-06 14:20:16 INFO  BaseClass - URL loaded successfully
2026-09-06 14:20:16 INFO  BaseClass - ===== Test Setup Completed =====
2026-09-06 14:20:16 INFO  LoginPageTest - Starting valid login test
2026-09-06 14:20:16 INFO  BaseClass - Starting browser teardown
2026-09-06 14:20:17 INFO  BaseClass - Browser closed successfully
2026-09-06 14:20:17 INFO  BaseClass - ===== Test Setup Started =====
2026-09-06 14:20:17 INFO  BaseClass - Creating WebDriver
2026-09-06 14:20:17 INFO  DriverFactory - Requested browser: chrome
2026-09-06 14:20:17 INFO  DriverFactory - Launching Chrome
2026-09-06 14:20:17 INFO  BaseClass - WebDriver created successfully
2026-09-06 14:20:18 INFO  BaseClass - Browser maximized
2026-09-06 14:20:18 INFO  BaseClass - Cookies deleted
2026-09-06 14:20:18 INFO  BaseClass - Navigating to URL: https://opensource-demo.orangehrmlive.com/web/index.php/auth/login
2026-09-06 14:20:20 INFO  BaseClass - URL loaded successfully
2026-09-06 14:20:20 INFO  BaseClass - ===== Test Setup Completed =====
2026-09-06 14:20:20 INFO  LoginPageTest - Starting invalid login test
2026-09-06 14:20:20 INFO  BaseClass - Starting browser teardown
2026-09-06 14:20:20 INFO  BaseClass - Browser closed successfully
2026-09-06 19:13:27 INFO  BaseClass - ===== Test Setup Started =====
2026-09-06 19:13:27 INFO  BaseClass - Creating WebDriver
2026-09-06 19:13:27 INFO  DriverFactory - Requested browser: chrome
2026-09-06 19:13:27 INFO  DriverFactory - Launching Chrome
2026-09-06 19:13:32 INFO  BaseClass - WebDriver created successfully
2026-09-06 19:13:32 INFO  BaseClass - Browser maximized
2026-09-06 19:13:32 INFO  BaseClass - Cookies deleted
2026-09-06 19:13:32 INFO  BaseClass - Navigating to URL: https://opensource-demo.orangehrmlive.com/web/index.php/auth/login
2026-09-06 19:13:36 INFO  BaseClass - URL loaded successfully
2026-09-06 19:13:36 INFO  BaseClass - ===== Test Setup Completed =====
2026-09-06 19:13:36 INFO  TestListener - TEST STARTED: verifyAddEmployeeWithValidDetails
2026-09-06 19:13:36 INFO  LoginPage - Entering Username
2026-09-06 19:13:36 INFO  LoginPage - Username Entered
2026-09-06 19:13:36 INFO  LoginPage - Entering Password
2026-09-06 19:13:37 INFO  LoginPage - Username Password
2026-09-06 19:13:37 INFO  DashBoardPage - Clicking PIM Link
2026-09-06 19:13:57 INFO  TestListener - TEST SKIPPED: verifyAddEmployeeWithValidDetails
2026-09-06 19:13:57 INFO  BaseClass - Starting browser teardown
2026-09-06 19:13:57 INFO  BaseClass - Browser closed successfully
2026-09-06 19:13:57 INFO  BaseClass - ===== Test Setup Started =====
2026-09-06 19:13:57 INFO  BaseClass - Creating WebDriver
2026-09-06 19:13:57 INFO  DriverFactory - Requested browser: chrome
2026-09-06 19:13:57 INFO  DriverFactory - Launching Chrome
2026-09-06 19:13:58 INFO  BaseClass - WebDriver created successfully
2026-09-06 19:13:58 INFO  BaseClass - Browser maximized
2026-09-06 19:13:58 INFO  BaseClass - Cookies deleted
2026-09-06 19:13:58 INFO  BaseClass - Navigating to URL: https://opensource-demo.orangehrmlive.com/web/index.php/auth/login
2026-09-06 19:14:02 INFO  BaseClass - URL loaded successfully
2026-09-06 19:14:02 INFO  BaseClass - ===== Test Setup Completed =====
2026-09-06 19:14:02 INFO  TestListener - TEST STARTED: verifyAddEmployeeWithValidDetails
2026-09-06 19:14:02 INFO  LoginPage - Entering Username
2026-09-06 19:14:02 INFO  LoginPage - Username Entered
2026-09-06 19:14:02 INFO  LoginPage - Entering Password
2026-09-06 19:14:02 INFO  LoginPage - Username Password
2026-09-06 19:14:02 INFO  DashBoardPage - Clicking PIM Link
2026-09-06 19:14:22 INFO  TestListener - TEST SKIPPED: verifyAddEmployeeWithValidDetails
2026-09-06 19:14:22 INFO  BaseClass - Starting browser teardown
2026-09-06 19:14:22 INFO  BaseClass - Browser closed successfully
2026-09-06 19:14:22 INFO  BaseClass - ===== Test Setup Started =====
2026-09-06 19:14:22 INFO  BaseClass - Creating WebDriver
2026-09-06 19:14:22 INFO  DriverFactory - Requested browser: chrome
2026-09-06 19:14:22 INFO  DriverFactory - Launching Chrome
2026-09-06 19:14:23 INFO  BaseClass - WebDriver created successfully
2026-09-06 19:14:23 INFO  BaseClass - Browser maximized
2026-09-06 19:14:23 INFO  BaseClass - Cookies deleted
2026-09-06 19:14:24 INFO  BaseClass - Navigating to URL: https://opensource-demo.orangehrmlive.com/web/index.php/auth/login
2026-09-06 19:14:25 INFO  BaseClass - URL loaded successfully
2026-09-06 19:14:25 INFO  BaseClass - ===== Test Setup Completed =====
2026-09-06 19:14:25 INFO  TestListener - TEST STARTED: verifyAddEmployeeWithValidDetails
2026-09-06 19:14:25 INFO  LoginPage - Entering Username
2026-09-06 19:14:27 INFO  LoginPage - Username Entered
2026-09-06 19:14:27 INFO  LoginPage - Entering Password
2026-09-06 19:14:27 INFO  LoginPage - Username Password
2026-09-06 19:14:27 INFO  DashBoardPage - Clicking PIM Link
2026-09-06 19:14:47 INFO  TestListener - TEST FAILED: verifyAddEmployeeWithValidDetails
2026-09-06 19:14:47 ERROR TestListener - Screenshot captured: screenshots\verifyAddEmployeeWithValidDetails_20260906_191447.png
2026-09-06 19:14:47 INFO  BaseClass - Starting browser teardown
2026-09-06 19:14:47 INFO  BaseClass - Browser closed successfully
2026-09-06 19:16:59 INFO  BaseClass - ===== Test Setup Started =====
2026-09-06 19:16:59 INFO  BaseClass - Creating WebDriver
2026-09-06 19:16:59 INFO  DriverFactory - Requested browser: chrome
2026-09-06 19:16:59 INFO  DriverFactory - Launching Chrome
2026-09-06 19:17:00 INFO  BaseClass - WebDriver created successfully
2026-09-06 19:17:00 INFO  BaseClass - Browser maximized
2026-09-06 19:17:00 INFO  BaseClass - Cookies deleted
2026-09-06 19:17:00 INFO  BaseClass - Navigating to URL: https://opensource-demo.orangehrmlive.com/web/index.php/auth/login
2026-09-06 19:17:01 INFO  BaseClass - URL loaded successfully
2026-09-06 19:17:01 INFO  BaseClass - ===== Test Setup Completed =====
2026-09-06 19:17:01 INFO  TestListener - TEST STARTED: verifyAddEmployeeWithValidDetails
2026-09-06 19:17:01 INFO  LoginPage - Entering Username
2026-09-06 19:17:04 INFO  LoginPage - Username Entered
2026-09-06 19:17:04 INFO  LoginPage - Entering Password
2026-09-06 19:17:04 INFO  LoginPage - Username Password
2026-09-06 19:17:04 INFO  LoginPage - Clicking Login button
2026-09-06 19:17:05 INFO  LoginPage - Login button clicked
2026-09-06 19:17:05 INFO  DashBoardPage - Clicking PIM Link
2026-09-06 19:17:07 INFO  DashBoardPage - PIM Link clicked
2026-09-06 19:17:07 INFO  PIMPage - Clicking Add button
2026-09-06 19:17:08 INFO  PIMPage - Add button clicked
2026-09-06 19:17:08 INFO  PIMPage - Entering Firstname
2026-09-06 19:17:09 INFO  PIMPage - Firstname Entered
2026-09-06 19:17:09 INFO  PIMPage - Entering Middlename
2026-09-06 19:17:09 INFO  PIMPage - Middlename Entered
2026-09-06 19:17:09 INFO  PIMPage - Entering Lastname
2026-09-06 19:17:09 INFO  PIMPage - Lastname Entered
2026-09-06 19:17:09 INFO  PIMPage - Clicking Save button
2026-09-06 19:17:09 INFO  PIMPage - Save button clicked
2026-09-06 19:17:14 INFO  TestListener - TEST SKIPPED: verifyAddEmployeeWithValidDetails
2026-09-06 19:17:14 INFO  BaseClass - Starting browser teardown
2026-09-06 19:17:15 INFO  BaseClass - Browser closed successfully
2026-09-06 19:17:15 INFO  BaseClass - ===== Test Setup Started =====
2026-09-06 19:17:15 INFO  BaseClass - Creating WebDriver
2026-09-06 19:17:15 INFO  DriverFactory - Requested browser: chrome
2026-09-06 19:17:15 INFO  DriverFactory - Launching Chrome
2026-09-06 19:17:15 INFO  BaseClass - WebDriver created successfully
2026-09-06 19:17:15 INFO  BaseClass - Browser maximized
2026-09-06 19:17:16 INFO  BaseClass - Cookies deleted
2026-09-06 19:17:16 INFO  BaseClass - Navigating to URL: https://opensource-demo.orangehrmlive.com/web/index.php/auth/login
2026-09-06 19:17:19 INFO  BaseClass - URL loaded successfully
2026-09-06 19:17:19 INFO  BaseClass - ===== Test Setup Completed =====
2026-09-06 19:17:19 INFO  TestListener - TEST STARTED: verifyAddEmployeeWithValidDetails
2026-09-06 19:17:19 INFO  LoginPage - Entering Username
2026-09-06 19:17:20 INFO  LoginPage - Username Entered
2026-09-06 19:17:20 INFO  LoginPage - Entering Password
2026-09-06 19:17:20 INFO  LoginPage - Username Password
2026-09-06 19:17:20 INFO  LoginPage - Clicking Login button
2026-09-06 19:17:21 INFO  LoginPage - Login button clicked
2026-09-06 19:17:21 INFO  DashBoardPage - Clicking PIM Link
2026-09-06 19:17:22 INFO  DashBoardPage - PIM Link clicked
2026-09-06 19:17:22 INFO  PIMPage - Clicking Add button
2026-09-06 19:17:23 INFO  PIMPage - Add button clicked
2026-09-06 19:17:23 INFO  PIMPage - Entering Firstname
2026-09-06 19:17:24 INFO  PIMPage - Firstname Entered
2026-09-06 19:17:24 INFO  PIMPage - Entering Middlename
2026-09-06 19:17:24 INFO  PIMPage - Middlename Entered
2026-09-06 19:17:24 INFO  PIMPage - Entering Lastname
2026-09-06 19:17:24 INFO  PIMPage - Lastname Entered
2026-09-06 19:17:24 INFO  PIMPage - Clicking Save button
2026-09-06 19:17:24 INFO  PIMPage - Save button clicked
2026-09-06 19:17:30 INFO  TestListener - TEST SKIPPED: verifyAddEmployeeWithValidDetails
2026-09-06 19:17:30 INFO  BaseClass - Starting browser teardown
2026-09-06 19:17:30 INFO  BaseClass - Browser closed successfully
2026-09-06 19:17:30 INFO  BaseClass - ===== Test Setup Started =====
2026-09-06 19:17:30 INFO  BaseClass - Creating WebDriver
2026-09-06 19:17:30 INFO  DriverFactory - Requested browser: chrome
2026-09-06 19:17:30 INFO  DriverFactory - Launching Chrome
2026-09-06 19:17:31 INFO  BaseClass - WebDriver created successfully
2026-09-06 19:17:31 INFO  BaseClass - Browser maximized
2026-09-06 19:17:31 INFO  BaseClass - Cookies deleted
2026-09-06 19:17:31 INFO  BaseClass - Navigating to URL: https://opensource-demo.orangehrmlive.com/web/index.php/auth/login
2026-09-06 19:17:34 INFO  BaseClass - URL loaded successfully
2026-09-06 19:17:34 INFO  BaseClass - ===== Test Setup Completed =====
2026-09-06 19:17:34 INFO  TestListener - TEST STARTED: verifyAddEmployeeWithValidDetails
2026-09-06 19:17:34 INFO  LoginPage - Entering Username
2026-09-06 19:17:34 INFO  LoginPage - Username Entered
2026-09-06 19:17:34 INFO  LoginPage - Entering Password
2026-09-06 19:17:34 INFO  LoginPage - Username Password
2026-09-06 19:17:34 INFO  LoginPage - Clicking Login button
2026-09-06 19:17:36 INFO  LoginPage - Login button clicked
2026-09-06 19:17:36 INFO  DashBoardPage - Clicking PIM Link
2026-09-06 19:17:37 INFO  DashBoardPage - PIM Link clicked
2026-09-06 19:17:37 INFO  PIMPage - Clicking Add button
2026-09-06 19:17:38 INFO  PIMPage - Add button clicked
2026-09-06 19:17:38 INFO  PIMPage - Entering Firstname
2026-09-06 19:17:39 INFO  PIMPage - Firstname Entered
2026-09-06 19:17:39 INFO  PIMPage - Entering Middlename
2026-09-06 19:17:39 INFO  PIMPage - Middlename Entered
2026-09-06 19:17:39 INFO  PIMPage - Entering Lastname
2026-09-06 19:17:39 INFO  PIMPage - Lastname Entered
2026-09-06 19:17:39 INFO  PIMPage - Clicking Save button
2026-09-06 19:17:39 INFO  PIMPage - Save button clicked
2026-09-06 19:17:44 INFO  TestListener - TEST FAILED: verifyAddEmployeeWithValidDetails
2026-09-06 19:17:44 ERROR TestListener - Screenshot captured: screenshots\verifyAddEmployeeWithValidDetails_20260906_191744.png
2026-09-06 19:17:44 INFO  BaseClass - Starting browser teardown
2026-09-06 19:17:45 INFO  BaseClass - Browser closed successfully
2026-09-06 22:37:35 INFO  BaseClass - ===== Test Setup Started =====
2026-09-06 22:37:35 INFO  BaseClass - Creating WebDriver
2026-09-06 22:37:35 INFO  DriverFactory - Requested browser: chrome
2026-09-06 22:37:35 INFO  DriverFactory - Launching Chrome
2026-09-06 22:37:58 INFO  BaseClass - WebDriver created successfully
2026-09-06 22:37:58 INFO  BaseClass - Browser maximized
2026-09-06 22:37:58 INFO  BaseClass - Cookies deleted
2026-09-06 22:37:58 INFO  BaseClass - Navigating to URL: https://opensource-demo.orangehrmlive.com/web/index.php/auth/login
2026-09-06 22:37:59 INFO  BaseClass - URL loaded successfully
2026-09-06 22:37:59 INFO  BaseClass - ===== Test Setup Completed =====
2026-09-06 22:37:59 INFO  LoginPageTest - Starting valid login test
2026-09-06 22:37:59 INFO  LoginPage - Entering Username: Admin
2026-09-06 22:38:00 INFO  BaseClass - Starting browser teardown
2026-09-06 22:38:00 INFO  BaseClass - Browser closed successfully
2026-09-06 22:38:00 INFO  BaseClass - ===== Test Setup Started =====
2026-09-06 22:38:00 INFO  BaseClass - Creating WebDriver
2026-09-06 22:38:00 INFO  DriverFactory - Requested browser: chrome
2026-09-06 22:38:00 INFO  DriverFactory - Launching Chrome
2026-09-06 22:38:01 INFO  BaseClass - WebDriver created successfully
2026-09-06 22:38:02 INFO  BaseClass - Browser maximized
2026-09-06 22:38:02 INFO  BaseClass - Cookies deleted
2026-09-06 22:38:02 INFO  BaseClass - Navigating to URL: https://opensource-demo.orangehrmlive.com/web/index.php/auth/login
2026-09-06 22:38:18 INFO  BaseClass - URL loaded successfully
2026-09-06 22:38:18 INFO  BaseClass - ===== Test Setup Completed =====
2026-09-06 22:38:18 INFO  LoginPageTest - Starting invalid login test
2026-09-06 22:38:18 INFO  LoginPage - Entering Username: InvalidUser
2026-09-06 22:38:18 INFO  BaseClass - Starting browser teardown
2026-09-06 22:38:19 INFO  BaseClass - Browser closed successfully
2026-09-06 22:40:18 INFO  BaseClass - ===== Test Setup Started =====
2026-09-06 22:40:18 INFO  BaseClass - Creating WebDriver
2026-09-06 22:40:18 INFO  DriverFactory - Requested browser: chrome
2026-09-06 22:40:18 INFO  DriverFactory - Launching Chrome
2026-09-06 22:40:20 INFO  BaseClass - WebDriver created successfully
2026-09-06 22:40:20 INFO  BaseClass - Browser maximized
2026-09-06 22:40:20 INFO  BaseClass - Cookies deleted
2026-09-06 22:40:20 INFO  BaseClass - Navigating to URL: https://opensource-demo.orangehrmlive.com/web/index.php/auth/login
2026-09-06 22:40:29 INFO  BaseClass - URL loaded successfully
2026-09-06 22:40:29 INFO  BaseClass - ===== Test Setup Completed =====
2026-09-06 22:40:29 INFO  LoginPageTest - Starting valid login test
2026-09-06 22:40:29 INFO  LoginPage - Entering Username: Admin
2026-09-06 22:40:29 INFO  BaseClass - Starting browser teardown
2026-09-06 22:40:29 INFO  BaseClass - Browser closed successfully
2026-09-06 22:40:29 INFO  BaseClass - ===== Test Setup Started =====
2026-09-06 22:40:29 INFO  BaseClass - Creating WebDriver
2026-09-06 22:40:29 INFO  DriverFactory - Requested browser: chrome
2026-09-06 22:40:29 INFO  DriverFactory - Launching Chrome
2026-09-06 22:40:30 INFO  BaseClass - WebDriver created successfully
2026-09-06 22:40:30 INFO  BaseClass - Browser maximized
2026-09-06 22:40:30 INFO  BaseClass - Cookies deleted
2026-09-06 22:40:30 INFO  BaseClass - Navigating to URL: https://opensource-demo.orangehrmlive.com/web/index.php/auth/login
2026-09-06 22:40:32 INFO  BaseClass - URL loaded successfully
2026-09-06 22:40:32 INFO  BaseClass - ===== Test Setup Completed =====
2026-09-06 22:40:32 INFO  LoginPageTest - Starting invalid login test
2026-09-06 22:40:32 INFO  LoginPage - Entering Username: InvalidUser
2026-09-06 22:40:32 INFO  BaseClass - Starting browser teardown
2026-09-06 22:40:32 INFO  BaseClass - Browser closed successfully
2026-09-06 22:40:32 INFO  BaseClass - ===== Test Setup Started =====
2026-09-06 22:40:32 INFO  BaseClass - Creating WebDriver
2026-09-06 22:40:32 INFO  DriverFactory - Requested browser: chrome
2026-09-06 22:40:32 INFO  DriverFactory - Launching Chrome
2026-09-06 22:40:33 INFO  BaseClass - WebDriver created successfully
2026-09-06 22:40:33 INFO  BaseClass - Browser maximized
2026-09-06 22:40:33 INFO  BaseClass - Cookies deleted
2026-09-06 22:40:33 INFO  BaseClass - Navigating to URL: https://opensource-demo.orangehrmlive.com/web/index.php/auth/login
2026-09-06 22:40:44 INFO  BaseClass - URL loaded successfully
2026-09-06 22:40:44 INFO  BaseClass - ===== Test Setup Completed =====
2026-09-06 22:40:44 INFO  BaseClass - Starting browser teardown
2026-09-06 22:40:44 INFO  BaseClass - Browser closed successfully
2026-09-06 22:41:38 INFO  BaseClass - ===== Test Setup Started =====
2026-09-06 22:41:38 INFO  BaseClass - Creating WebDriver
2026-09-06 22:41:38 INFO  DriverFactory - Requested browser: chrome
2026-09-06 22:41:38 INFO  DriverFactory - Launching Chrome
2026-09-06 22:41:39 INFO  BaseClass - WebDriver created successfully
2026-09-06 22:41:39 INFO  BaseClass - Browser maximized
2026-09-06 22:41:39 INFO  BaseClass - Cookies deleted
2026-09-06 22:41:39 INFO  BaseClass - Navigating to URL: https://opensource-demo.orangehrmlive.com/web/index.php/auth/login
2026-09-06 22:41:42 INFO  BaseClass - URL loaded successfully
2026-09-06 22:41:42 INFO  BaseClass - ===== Test Setup Completed =====
2026-09-06 22:41:42 INFO  LoginPageTest - Starting valid login test
2026-09-06 22:41:42 INFO  LoginPage - Entering Username: Admin
2026-09-06 22:41:42 INFO  BaseClass - Starting browser teardown
2026-09-06 22:41:43 INFO  BaseClass - Browser closed successfully
2026-09-06 22:41:43 INFO  BaseClass - ===== Test Setup Started =====
2026-09-06 22:41:43 INFO  BaseClass - Creating WebDriver
2026-09-06 22:41:43 INFO  DriverFactory - Requested browser: chrome
2026-09-06 22:41:43 INFO  DriverFactory - Launching Chrome
2026-09-06 22:41:43 INFO  BaseClass - WebDriver created successfully
2026-09-06 22:41:43 INFO  BaseClass - Browser maximized
2026-09-06 22:41:44 INFO  BaseClass - Cookies deleted
2026-09-06 22:41:44 INFO  BaseClass - Navigating to URL: https://opensource-demo.orangehrmlive.com/web/index.php/auth/login
2026-09-06 22:41:47 INFO  BaseClass - URL loaded successfully
2026-09-06 22:41:47 INFO  BaseClass - ===== Test Setup Completed =====
2026-09-06 22:41:47 INFO  LoginPageTest - Starting invalid login test
2026-09-06 22:41:47 INFO  LoginPage - Entering Username: InvalidUser
2026-09-06 22:41:47 INFO  BaseClass - Starting browser teardown
2026-09-06 22:41:47 INFO  BaseClass - Browser closed successfully
2026-09-06 22:41:47 INFO  BaseClass - ===== Test Setup Started =====
2026-09-06 22:41:47 INFO  BaseClass - Creating WebDriver
2026-09-06 22:41:47 INFO  DriverFactory - Requested browser: chrome
2026-09-06 22:41:47 INFO  DriverFactory - Launching Chrome
2026-09-06 22:41:48 INFO  BaseClass - WebDriver created successfully
2026-09-06 22:41:48 INFO  BaseClass - Browser maximized
2026-09-06 22:41:48 INFO  BaseClass - Cookies deleted
2026-09-06 22:41:48 INFO  BaseClass - Navigating to URL: https://opensource-demo.orangehrmlive.com/web/index.php/auth/login
2026-09-06 22:41:57 INFO  BaseClass - URL loaded successfully
2026-09-06 22:41:57 INFO  BaseClass - ===== Test Setup Completed =====
2026-09-06 22:41:57 INFO  BaseClass - Starting browser teardown
2026-09-06 22:41:57 INFO  BaseClass - Browser closed successfully
2026-09-06 22:42:55 INFO  BaseClass - ===== Test Setup Started =====
2026-09-06 22:42:55 INFO  BaseClass - Creating WebDriver
2026-09-06 22:42:55 INFO  DriverFactory - Requested browser: chrome
2026-09-06 22:42:55 INFO  DriverFactory - Launching Chrome
2026-09-06 22:42:57 INFO  BaseClass - WebDriver created successfully
2026-09-06 22:42:57 INFO  BaseClass - Browser maximized
2026-09-06 22:42:57 INFO  BaseClass - Cookies deleted
2026-09-06 22:42:57 INFO  BaseClass - Navigating to URL: https://opensource-demo.orangehrmlive.com/web/index.php/auth/login
2026-09-06 22:42:58 INFO  BaseClass - URL loaded successfully
2026-09-06 22:42:58 INFO  BaseClass - ===== Test Setup Completed =====
2026-09-06 22:42:58 INFO  LoginPageTest - Starting valid login test
2026-09-06 22:42:58 INFO  LoginPage - Entering Username: Admin
2026-09-06 22:42:59 INFO  BaseClass - Starting browser teardown
2026-09-06 22:42:59 INFO  BaseClass - Browser closed successfully
2026-09-06 22:42:59 INFO  BaseClass - ===== Test Setup Started =====
2026-09-06 22:42:59 INFO  BaseClass - Creating WebDriver
2026-09-06 22:42:59 INFO  DriverFactory - Requested browser: chrome
2026-09-06 22:42:59 INFO  DriverFactory - Launching Chrome
2026-09-06 22:43:00 INFO  BaseClass - WebDriver created successfully
2026-09-06 22:43:00 INFO  BaseClass - Browser maximized
2026-09-06 22:43:00 INFO  BaseClass - Cookies deleted
2026-09-06 22:43:00 INFO  BaseClass - Navigating to URL: https://opensource-demo.orangehrmlive.com/web/index.php/auth/login
2026-09-06 22:43:01 INFO  BaseClass - URL loaded successfully
2026-09-06 22:43:01 INFO  BaseClass - ===== Test Setup Completed =====
2026-09-06 22:43:01 INFO  LoginPageTest - Starting invalid login test
2026-09-06 22:43:01 INFO  LoginPage - Entering Username: InvalidUser
2026-09-06 22:43:01 INFO  BaseClass - Starting browser teardown
2026-09-06 22:43:01 INFO  BaseClass - Browser closed successfully
2026-09-06 22:43:01 INFO  BaseClass - ===== Test Setup Started =====
2026-09-06 22:43:01 INFO  BaseClass - Creating WebDriver
2026-09-06 22:43:01 INFO  DriverFactory - Requested browser: chrome
2026-09-06 22:43:01 INFO  DriverFactory - Launching Chrome
2026-09-06 22:43:02 INFO  BaseClass - WebDriver created successfully
2026-09-06 22:43:02 INFO  BaseClass - Browser maximized
2026-09-06 22:43:02 INFO  BaseClass - Cookies deleted
2026-09-06 22:43:02 INFO  BaseClass - Navigating to URL: https://opensource-demo.orangehrmlive.com/web/index.php/auth/login
2026-09-06 22:43:03 INFO  BaseClass - URL loaded successfully
2026-09-06 22:43:03 INFO  BaseClass - ===== Test Setup Completed =====
2026-09-06 22:43:03 INFO  BaseClass - Starting browser teardown
2026-09-06 22:43:03 INFO  BaseClass - Browser closed successfully
2026-09-06 22:47:16 INFO  BaseClass - ===== Test Setup Started =====
2026-09-06 22:47:16 INFO  BaseClass - Creating WebDriver
2026-09-06 22:47:16 INFO  DriverFactory - Requested browser: chrome
2026-09-06 22:47:16 INFO  DriverFactory - Launching Chrome
2026-09-06 22:47:18 INFO  BaseClass - WebDriver created successfully
2026-09-06 22:47:18 INFO  BaseClass - Browser maximized
2026-09-06 22:47:18 INFO  BaseClass - Cookies deleted
2026-09-06 22:47:18 INFO  BaseClass - Navigating to URL: https://opensource-demo.orangehrmlive.com/web/index.php/auth/login
2026-09-06 22:47:19 INFO  BaseClass - URL loaded successfully
2026-09-06 22:47:19 INFO  BaseClass - ===== Test Setup Completed =====
2026-09-06 22:47:19 INFO  LoginPageTest - Starting valid login test
2026-09-06 22:47:19 INFO  LoginPage - Entering Username: Admin
2026-09-06 22:47:23 INFO  LoginPage - Username Entered
2026-09-06 22:47:23 INFO  LoginPage - Entering Password
2026-09-06 22:47:23 INFO  LoginPage - Password Entered
2026-09-06 22:47:23 INFO  LoginPage - Clicking Login button
2026-09-06 22:47:23 INFO  LoginPage - Login button clicked
2026-09-06 22:47:44 INFO  BaseClass - Starting browser teardown
2026-09-06 22:47:45 INFO  BaseClass - Browser closed successfully
2026-09-06 22:47:45 INFO  BaseClass - ===== Test Setup Started =====
2026-09-06 22:47:45 INFO  BaseClass - Creating WebDriver
2026-09-06 22:47:45 INFO  DriverFactory - Requested browser: chrome
2026-09-06 22:47:45 INFO  DriverFactory - Launching Chrome
2026-09-06 22:47:45 INFO  BaseClass - WebDriver created successfully
2026-09-06 22:47:45 INFO  BaseClass - Browser maximized
2026-09-06 22:47:46 INFO  BaseClass - Cookies deleted
2026-09-06 22:47:46 INFO  BaseClass - Navigating to URL: https://opensource-demo.orangehrmlive.com/web/index.php/auth/login
2026-09-06 22:51:26 INFO  BaseClass - ===== Test Setup Started =====
2026-09-06 22:51:26 INFO  BaseClass - Creating WebDriver
2026-09-06 22:51:26 INFO  DriverFactory - Requested browser: chrome
2026-09-06 22:51:26 INFO  DriverFactory - Launching Chrome
2026-09-06 22:51:28 INFO  BaseClass - WebDriver created successfully
2026-09-06 22:51:28 INFO  BaseClass - Browser maximized
2026-09-06 22:51:28 INFO  BaseClass - Cookies deleted
2026-09-06 22:51:28 INFO  BaseClass - Navigating to URL: https://opensource-demo.orangehrmlive.com/web/index.php/auth/login
2026-09-06 22:51:45 INFO  BaseClass - URL loaded successfully
2026-09-06 22:51:45 INFO  BaseClass - ===== Test Setup Completed =====
2026-09-06 22:51:46 INFO  LoginPageTest - Starting valid login test
2026-09-06 22:51:46 INFO  LoginPage - Entering Username: Admin
2026-09-06 22:51:46 INFO  LoginPage - Username Entered
2026-09-06 22:51:46 INFO  LoginPage - Entering Password
2026-09-06 22:51:46 INFO  LoginPage - Password Entered
2026-09-06 22:51:46 INFO  LoginPage - Clicking Login button
2026-09-06 22:51:51 INFO  LoginPage - Login button clicked
2026-09-06 22:52:11 INFO  BaseClass - Starting browser teardown
2026-09-06 22:52:11 INFO  BaseClass - Browser closed successfully
2026-09-06 22:52:11 INFO  BaseClass - ===== Test Setup Started =====
2026-09-06 22:52:11 INFO  BaseClass - Creating WebDriver
2026-09-06 22:52:11 INFO  DriverFactory - Requested browser: chrome
2026-09-06 22:52:11 INFO  DriverFactory - Launching Chrome
2026-09-06 22:52:12 INFO  BaseClass - WebDriver created successfully
2026-09-06 22:52:12 INFO  BaseClass - Browser maximized
2026-09-06 22:52:12 INFO  BaseClass - Cookies deleted
2026-09-06 22:52:12 INFO  BaseClass - Navigating to URL: https://opensource-demo.orangehrmlive.com/web/index.php/auth/login
